Component: ARM Compiler 5.06 update 5 (build 528) Tool: armlink [4d35e2]

==============================================================================

Section Cross References

    startup_stm32f407xx.o(RESET) refers to startup_stm32f407xx.o(STACK) for __initial_sp
    startup_stm32f407xx.o(RESET) refers to startup_stm32f407xx.o(.text) for Reset_Handler
    startup_stm32f407xx.o(RESET) refers to stm32f4xx_it.o(i.NMI_Handler) for NMI_Handler
    startup_stm32f407xx.o(RESET) refers to stm32f4xx_it.o(i.HardFault_Handler) for HardFault_Handler
    startup_stm32f407xx.o(RESET) refers to stm32f4xx_it.o(i.MemManage_Handler) for MemManage_Handler
    startup_stm32f407xx.o(RESET) refers to stm32f4xx_it.o(i.BusFault_Handler) for BusFault_Handler
    startup_stm32f407xx.o(RESET) refers to stm32f4xx_it.o(i.UsageFault_Handler) for UsageFault_Handler
    startup_stm32f407xx.o(RESET) refers to stm32f4xx_it.o(i.SVC_Handler) for SVC_Handler
    startup_stm32f407xx.o(RESET) refers to stm32f4xx_it.o(i.DebugMon_Handler) for DebugMon_Handler
    startup_stm32f407xx.o(RESET) refers to stm32f4xx_it.o(i.PendSV_Handler) for PendSV_Handler
    startup_stm32f407xx.o(RESET) refers to stm32f4xx_it.o(i.SysTick_Handler) for SysTick_Handler
    startup_stm32f407xx.o(RESET) refers to stm32f4xx_it.o(i.DMA1_Stream5_IRQHandler) for DMA1_Stream5_IRQHandler
    startup_stm32f407xx.o(RESET) refers to stm32f4xx_it.o(i.USART1_IRQHandler) for USART1_IRQHandler
    startup_stm32f407xx.o(RESET) refers to stm32f4xx_it.o(i.USART2_IRQHandler) for USART2_IRQHandler
    startup_stm32f407xx.o(RESET) refers to stm32f4xx_it.o(i.DMA2_Stream0_IRQHandler) for DMA2_Stream0_IRQHandler
    startup_stm32f407xx.o(RESET) refers to stm32f4xx_it.o(i.DMA2_Stream2_IRQHandler) for DMA2_Stream2_IRQHandler
    startup_stm32f407xx.o(RESET) refers to stm32f4xx_it.o(i.DMA2_Stream3_IRQHandler) for DMA2_Stream3_IRQHandler
    startup_stm32f407xx.o(RESET) refers to stm32f4xx_it.o(i.DMA2_Stream7_IRQHandler) for DMA2_Stream7_IRQHandler
    startup_stm32f407xx.o(.text) refers to system_stm32f4xx.o(i.SystemInit) for SystemInit
    startup_stm32f407xx.o(.text) refers to entry.o(.ARM.Collect$$$$00000000) for __main
    main.o(i.DDS_ApplyDefaultOutput) refers to ad9959.o(i.Write_Frequence) for Write_Frequence
    main.o(i.DDS_ApplyDefaultOutput) refers to ad9959.o(i.Write_Amplitude) for Write_Amplitude
    main.o(i.DDS_ApplyDefaultOutput) refers to ad9959.o(i.Write_Phase) for Write_Phase
    main.o(i.DDS_ApplyDefaultOutput) refers to ad9959.o(i.AD9959_IO_Update) for AD9959_IO_Update
    main.o(i.GainTable_2D_Lookup) refers to main.o(.constdata) for .constdata
    main.o(i.Switch_SetByState) refers to stm32f4xx_hal_gpio.o(i.HAL_GPIO_WritePin) for HAL_GPIO_WritePin
    main.o(i.SystemClock_Config) refers to memseta.o(.text) for __aeabi_memclr4
    main.o(i.SystemClock_Config) refers to stm32f4xx_hal_rcc.o(i.HAL_RCC_OscConfig) for HAL_RCC_OscConfig
    main.o(i.SystemClock_Config) refers to stm32f4xx_hal_rcc.o(i.HAL_RCC_ClockConfig) for HAL_RCC_ClockConfig
    main.o(i.Try_HandleScanIdentifyCommand) refers to zpn_hmi.o(i.HMI_SetText) for HMI_SetText
    main.o(i.Try_HandleScanIdentifyCommand) refers to 9959_scan.o(i.SCAN_RunAndExtract) for SCAN_RunAndExtract
    main.o(i.Try_HandleScanIdentifyCommand) refers to 9959_scan.o(i.SCAN_ModelTypeToString) for SCAN_ModelTypeToString
    main.o(i.Try_HandleScanIdentifyCommand) refers to main.o(i.DDS_ApplyDefaultOutput) for DDS_ApplyDefaultOutput
    main.o(i.Try_HandleScanIdentifyCommand) refers to frequency_control.o(.data) for gFrequencyCmd
    main.o(i.Try_HandleScanIdentifyCommand) refers to main.o(.bss) for .bss
    main.o(i.main) refers to stm32f4xx_hal.o(i.HAL_Init) for HAL_Init
    main.o(i.main) refers to main.o(i.SystemClock_Config) for SystemClock_Config
    main.o(i.main) refers to gpio.o(i.MX_GPIO_Init) for MX_GPIO_Init
    main.o(i.main) refers to dma.o(i.MX_DMA_Init) for MX_DMA_Init
    main.o(i.main) refers to usart.o(i.MX_USART1_UART_Init) for MX_USART1_UART_Init
    main.o(i.main) refers to usart.o(i.MX_USART2_UART_Init) for MX_USART2_UART_Init
    main.o(i.main) refers to adc.o(i.MX_ADC1_Init) for MX_ADC1_Init
    main.o(i.main) refers to adc.o(i.MX_ADC2_Init) for MX_ADC2_Init
    main.o(i.main) refers to tim.o(i.MX_TIM3_Init) for MX_TIM3_Init
    main.o(i.main) refers to i2c.o(i.MX_I2C2_Init) for MX_I2C2_Init
    main.o(i.main) refers to dac.o(i.MX_DAC_Init) for MX_DAC_Init
    main.o(i.main) refers to tim.o(i.MX_TIM6_Init) for MX_TIM6_Init
    main.o(i.main) refers to tim.o(i.MX_TIM2_Init) for MX_TIM2_Init
    main.o(i.main) refers to delay.o(i.delay_init) for delay_init
    main.o(i.main) refers to stm32f4xx_hal_tim.o(i.HAL_TIM_PWM_Start) for HAL_TIM_PWM_Start
    main.o(i.main) refers to printfa.o(i.__0printf) for __2printf
    main.o(i.main) refers to max262.o(i.MAX262_Init) for MAX262_Init
    main.o(i.main) refers to ad9959.o(i.Init_AD9959) for Init_AD9959
[...]
    i.HAL_UARTEx_RxEventCallback             0x080024a4   Section        0  zpn_uart.o(i.HAL_UARTEx_RxEventCallback)
    i.HAL_UART_ErrorCallback                 0x080024fc   Section        0  stm32f4xx_hal_uart.o(i.HAL_UART_ErrorCallback)
    i.HAL_UART_IRQHandler                    0x08002500   Section        0  stm32f4xx_hal_uart.o(i.HAL_UART_IRQHandler)
    i.HAL_UART_Init                          0x08002780   Section        0  stm32f4xx_hal_uart.o(i.HAL_UART_Init)
    i.HAL_UART_MspInit                       0x080027e4   Section        0  usart.o(i.HAL_UART_MspInit)
    i.HAL_UART_Receive_IT                    0x0800291c   Section        0  stm32f4xx_hal_uart.o(i.HAL_UART_Receive_IT)
    i.HAL_UART_RxCpltCallback                0x08002938   Section        0  zpn_uart.o(i.HAL_UART_RxCpltCallback)
    i.HAL_UART_RxHalfCpltCallback            0x080029a0   Section        0  stm32f4xx_hal_uart.o(i.HAL_UART_RxHalfCpltCallback)
    i.HAL_UART_Transmit                      0x080029a2   Section        0  stm32f4xx_hal_uart.o(i.HAL_UART_Transmit)
    i.HAL_UART_Transmit_IT                   0x08002a42   Section        0  stm32f4xx_hal_uart.o(i.HAL_UART_Transmit_IT)
    i.HAL_UART_TxCpltCallback                0x08002a74   Section        0  zpn_uart.o(i.HAL_UART_TxCpltCallback)
    i.HMI_SetText                            0x08002a9c   Section        0  zpn_hmi.o(i.HMI_SetText)
    i.HardFault_Handler                      0x08002ad4   Section        0  stm32f4xx_it.o(i.HardFault_Handler)
    i.InitIO_9959                            0x08002ad8   Section        0  ad9959.o(i.InitIO_9959)
    i.InitReset                              0x08002ba0   Section        0  ad9959.o(i.InitReset)
    i.Init_AD9959                            0x08002bdc   Section        0  ad9959.o(i.Init_AD9959)
    i.MAX262_Init                            0x08002c90   Section        0  max262.o(i.MAX262_Init)
    i.MX_ADC1_Init                           0x08002cf4   Section        0  adc.o(i.MX_ADC1_Init)
    i.MX_ADC2_Init                           0x08002d54   Section        0  adc.o(i.MX_ADC2_Init)
    i.MX_DAC_Init                            0x08002db4   Section        0  dac.o(i.MX_DAC_Init)
    i.MX_DMA_Init                            0x08002df0   Section        0  dma.o(i.MX_DMA_Init)
    i.MX_GPIO_Init                           0x08002e6c   Section        0  gpio.o(i.MX_GPIO_Init)
    i.MX_I2C2_Init                           0x08002f8c   Section        0  i2c.o(i.MX_I2C2_Init)
    i.MX_TIM2_Init                           0x08002fcc   Section        0  tim.o(i.MX_TIM2_Init)
    i.MX_TIM3_Init                           0x0800303c   Section        0  tim.o(i.MX_TIM3_Init)
    i.MX_TIM6_Init                           0x080030a4   Section        0  tim.o(i.MX_TIM6_Init)
    i.MX_USART1_UART_Init                    0x080030e8   Section        0  usart.o(i.MX_USART1_UART_Init)
    i.MX_USART2_UART_Init                    0x08003120   Section        0  usart.o(i.MX_USART2_UART_Init)
    i.MemManage_Handler                      0x08003158   Section        0  stm32f4xx_it.o(i.MemManage_Handler)
    i.NMI_Handler                            0x0800315a   Section        0  stm32f4xx_it.o(i.NMI_Handler)
    i.PACK_ParseFrame                        0x0800315c   Section        0  zpn_hmi_pack.o(i.PACK_ParseFrame)
    i.PACK_ParseFromRingBuffer               0x0800322c   Section        0  zpn_hmi_pack.o(i.PACK_ParseFromRingBuffer)
    i.PACK_SetTemplate                       0x080032ec   Section        0  zpn_hmi_pack.o(i.PACK_SetTemplate)
    i.PendSV_Handler                         0x08003318   Section        0  stm32f4xx_it.o(i.PendSV_Handler)
    i.Phase2Word                             0x0800331c   Section        0  ad9959.o(i.Phase2Word)
    i.SCAN_ClassifyModel                     0x08003344   Section        0  9959_scan.o(i.SCAN_ClassifyModel)
    SCAN_ClassifyModel                       0x08003345   Thumb Code   208  9959_scan.o(i.SCAN_ClassifyModel)
    i.SCAN_FindCrossFreq                     0x0800341c   Section        0  9959_scan.o(i.SCAN_FindCrossFreq)
    SCAN_FindCrossFreq                       0x0800341d   Thumb Code   162  9959_scan.o(i.SCAN_FindCrossFreq)
    i.SCAN_MeasureGainAndPhase               0x080034c4   Section        0  9959_scan.o(i.SCAN_MeasureGainAndPhase)
    SCAN_MeasureGainAndPhase                 0x080034c5   Thumb Code   524  9959_scan.o(i.SCAN_MeasureGainAndPhase)
    i.SCAN_ModelTypeToString                 0x08003708   Section        0  9959_scan.o(i.SCAN_ModelTypeToString)
    i.SCAN_ReadAdcLevel                      0x08003760   Section        0  9959_scan.o(i.SCAN_ReadAdcLevel)
    SCAN_ReadAdcLevel                        0x08003761   Thumb Code   184  9959_scan.o(i.SCAN_ReadAdcLevel)
    i.SCAN_ReadAdcSample                     0x08003818   Section        0  9959_scan.o(i.SCAN_ReadAdcSample)
    SCAN_ReadAdcSample                       0x08003819   Thumb Code    50  9959_scan.o(i.SCAN_ReadAdcSample)
    i.SCAN_RunAndExtract                     0x0800384c   Section        0  9959_scan.o(i.SCAN_RunAndExtract)
    i.SVC_Handler                            0x08003bf8   Section        0  stm32f4xx_it.o(i.SVC_Handler)
    i.Switch_SetByState                      0x08003bfc   Section        0  main.o(i.Switch_SetByState)
    Switch_SetByState                        0x08003bfd   Thumb Code    54  main.o(i.Switch_SetByState)
    i.SysTick_Handler                        0x08003c38   Section        0  stm32f4xx_it.o(i.SysTick_Handler)
    i.SystemClock_Config                     0x08003c3c   Section        0  main.o(i.SystemClock_Config)
    i.SystemInit                             0x08003cd4   Section        0  system_stm32f4xx.o(i.SystemInit)
    i.TIM_Base_SetConfig                     0x08003ce4   Section        0  stm32f4xx_hal_tim.o(i.TIM_Base_SetConfig)
    i.TIM_CCxChannelCmd                      0x08003db4   Section        0  stm32f4xx_hal_tim.o(i.TIM_CCxChannelCmd)
    i.TIM_ETR_SetConfig                      0x08003dce   Section        0  stm32f4xx_hal_tim.o(i.TIM_ETR_SetConfig)
    i.TIM_ITRx_SetConfig                     0x08003de2   Section        0  stm32f4xx_hal_tim.o(i.TIM_ITRx_SetConfig)
    TIM_ITRx_SetConfig                       0x08003de3   Thumb Code    16  stm32f4xx_hal_tim.o(i.TIM_ITRx_SetConfig)
    i.TIM_OC1_SetConfig                      0x08003df4   Section        0  stm32f4xx_hal_tim.o(i.TIM_OC1_SetConfig)
    TIM_OC1_SetConfig                        0x08003df5   Thumb Code    88  stm32f4xx_hal_tim.o(i.TIM_OC1_SetConfig)
    i.TIM_OC2_SetConfig                      0x08003e54   Section        0  stm32f4xx_hal_tim.o(i.TIM_OC2_SetConfig)
    i.TIM_OC3_SetConfig                      0x08003ec0   Section        0  stm32f4xx_hal_tim.o(i.TIM_OC3_SetConfig)
    TIM_OC3_SetConfig                        0x08003ec1   Thumb Code    96  stm32f4xx_hal_tim.o(i.TIM_OC3_SetConfig)
    i.TIM_OC4_SetConfig                      0x08003f28   Section        0  stm32f4xx_hal_tim.o(i.TIM_OC4_SetConfig)
    TIM_OC4_SetConfig                        0x08003f29   Thumb Code    70  stm32f4xx_hal_tim.o(i.TIM_OC4_SetConfig)
    i.TIM_TI1_ConfigInputStage               0x08003f78   Section        0  stm32f4xx_hal_tim.o(i.TIM_TI1_ConfigInputStage)
    TIM_TI1_ConfigInputStage                 0x08003f79   Thumb Code    34  stm32f4xx_hal_tim.o(i.TIM_TI1_ConfigInputStage)
    i.TIM_TI2_ConfigInputStage               0x08003f9a   Section        0  stm32f4xx_hal_tim.o(i.TIM_TI2_ConfigInputStage)
    TIM_TI2_ConfigInputStage                 0x08003f9b   Thumb Code    36  stm32f4xx_hal_tim.o(i.TIM_TI2_ConfigInputStage)
    i.Try_HandleScanIdentifyCommand          0x08003fc0   Section        0  main.o(i.Try_HandleScanIdentifyCommand)
    Try_HandleScanIdentifyCommand            0x08003fc1   Thumb Code    64  main.o(i.Try_HandleScanIdentifyCommand)
    i.UART2_GetReceivedData                  0x08004024   Section        0  zpn_uart.o(i.UART2_GetReceivedData)
    i.UART2_GetRxBufferLength                0x08004074   Section        0  zpn_uart.o(i.UART2_GetRxBufferLength)
    i.UART2_SendPrintf                       0x08004080   Section        0  zpn_uart.o(i.UART2_SendPrintf)
    i.UART_DMAAbortOnError                   0x080040d8   Section        0  stm32f4xx_hal_uart.o(i.UART_DMAAbortOnError)
    UART_DMAAbortOnError                     0x080040d9   Thumb Code    14  stm32f4xx_hal_uart.o(i.UART_DMAAbortOnError)
    i.UART_DMAError                          0x080040e6   Section        0  stm32f4xx_hal_uart.o(i.UART_DMAError)
    UART_DMAError                            0x080040e7   Thumb Code    74  stm32f4xx_hal_uart.o(i.UART_DMAError)
    i.UART_DMAReceiveCplt                    0x08004130   Section        0  stm32f4xx_hal_uart.o(i.UART_DMAReceiveCplt)
    UART_DMAReceiveCplt                      0x08004131   Thumb Code   134  stm32f4xx_hal_uart.o(i.UART_DMAReceiveCplt)
    i.UART_DMARxHalfCplt                     0x080041b6   Section        0  stm32f4xx_hal_uart.o(i.UART_DMARxHalfCplt)
    UART_DMARxHalfCplt                       0x080041b7   Thumb Code    30  stm32f4xx_hal_uart.o(i.UART_DMARxHalfCplt)
    i.UART_EndRxTransfer                     0x080041d4   Section        0  stm32f4xx_hal_uart.o(i.UART_EndRxTransfer)
    UART_EndRxTransfer                       0x080041d5   Thumb Code    78  stm32f4xx_hal_uart.o(i.UART_EndRxTransfer)
    i.UART_EndTxTransfer                     0x08004222   Section        0  stm32f4xx_hal_uart.o(i.UART_EndTxTransfer)
    UART_EndTxTransfer                       0x08004223   Thumb Code    28  stm32f4xx_hal_uart.o(i.UART_EndTxTransfer)
    i.UART_Receive_IT                        0x0800423e   Section        0  stm32f4xx_hal_uart.o(i.UART_Receive_IT)
    UART_Receive_IT                          0x0800423f   Thumb Code   194  stm32f4xx_hal_uart.o(i.UART_Receive_IT)
    i.UART_SetConfig                         0x08004300   Section        0  stm32f4xx_hal_uart.o(i.UART_SetConfig)
    UART_SetConfig                           0x08004301   Thumb Code   258  stm32f4xx_hal_uart.o(i.UART_SetConfig)
    i.UART_Start_Receive_DMA                 0x0800440c   Section        0  stm32f4xx_hal_uart.o(i.UART_Start_Receive_DMA)
    i.UART_Start_Receive_IT                  0x080044ac   Section        0  stm32f4xx_hal_uart.o(i.UART_Start_Receive_IT)
    i.UART_WaitOnFlagUntilTimeout            0x080044e2   Section        0  stm32f4xx_hal_uart.o(i.UART_WaitOnFlagUntilTimeout)
    UART_WaitOnFlagUntilTimeout              0x080044e3   Thumb Code   114  stm32f4xx_hal_uart.o(i.UART_WaitOnFlagUntilTimeout)
    i.USART1_IRQHandler                      0x08004554   Section        0  stm32f4xx_it.o(i.USART1_IRQHandler)
    i.USART2_IRQHandler                      0x08004560   Section        0  stm32f4xx_it.o(i.USART2_IRQHandler)
    i.UsageFault_Handler                     0x0800456c   Section        0  stm32f4xx_it.o(i.UsageFault_Handler)
    i.WriteData_AD9959                       0x08004570   Section        0  ad9959.o(i.WriteData_AD9959)
    i.Write_Amplitude                        0x08004668   Section        0  ad9959.o(i.Write_Amplitude)
    i.Write_Frequence                        0x08004694   Section        0  ad9959.o(i.Write_Frequence)
    i.Write_Phase                            0x080046d0   Section        0  ad9959.o(i.Write_Phase)
    i.ZPN_UART_Init                          0x080046fc   Section        0  zpn_uart.o(i.ZPN_UART_Init)
    i.__0printf                              0x08004744   Section        0  printfa.o(i.__0printf)
    i.__0vsnprintf                           0x08004764   Section        0  printfa.o(i.__0vsnprintf)
    i.__ARM_fpclassifyf                      0x08004790   Section        0  fpclassifyf.o(i.__ARM_fpclassifyf)
    i.__NVIC_SetPriority                     0x080047b6   Section        0  stm32f4xx_hal_cortex.o(i.__NVIC_SetPriority)
    __NVIC_SetPriority                       0x080047b7   Thumb Code    32  stm32f4xx_hal_cortex.o(i.__NVIC_SetPriority)
    i.__hardfp_atan2f                        0x080047d8   Section        0  atan2f.o(i.__hardfp_atan2f)
    i.__hardfp_cosf                          0x08004a28   Section        0  cosf.o(i.__hardfp_cosf)
    i.__hardfp_log10f                        0x08004b78   Section        0  log10f.o(i.__hardfp_log10f)
    i.__hardfp_sinf                          0x08004cf8   Section        0  sinf.o(i.__hardfp_sinf)
    i.__hardfp_sqrtf                         0x08004e88   Section        0  sqrtf.o(i.__hardfp_sqrtf)
    i.__mathlib_flt_divzero                  0x08004ec4   Section        0  funder.o(i.__mathlib_flt_divzero)
    i.__mathlib_flt_infnan                   0x08004ed8   Section        0  funder.o(i.__mathlib_flt_infnan)
    i.__mathlib_flt_infnan2                  0x08004ede   Section        0  funder.o(i.__mathlib_flt_infnan2)
    i.__mathlib_flt_invalid                  0x08004ee4   Section        0  funder.o(i.__mathlib_flt_invalid)
    i.__mathlib_flt_underflow                0x08004ef4   Section        0  funder.o(i.__mathlib_flt_underflow)
    i.__mathlib_rredf2                       0x08004f04   Section        0  rredf.o(i.__mathlib_rredf2)
    i.__scatterload_copy                     0x08005058   Section       14  handlers.o(i.__scatterload_copy)
    i.__scatterload_null                     0x08005066   Section        2  handlers.o(i.__scatterload_null)
    i.__scatterload_zeroinit                 0x08005068   Section       14  handlers.o(i.__scatterload_zeroinit)
    i.__set_errno                            0x08005078   Section        0  errno.o(i.__set_errno)
    i._fp_digits                             0x08005084   Section        0  printfa.o(i._fp_digits)
    _fp_digits                               0x08005085   Thumb Code   366  printfa.o(i._fp_digits)
    i._printf_core                           0x08005208   Section        0  printfa.o(i._printf_core)
    _printf_core                             0x08005209   Thumb Code  1744  printfa.o(i._printf_core)
    i._printf_post_padding                   0x080058e4   Section        0  printfa.o(i._printf_post_padding)
    _printf_post_padding                     0x080058e5   Thumb Code    36  printfa.o(i._printf_post_padding)
    i._printf_pre_padding                    0x08005908   Section        0  printfa.o(i._printf_pre_padding)
    _printf_pre_padding                      0x08005909   Thumb Code    46  printfa.o(i._printf_pre_padding)
    i._snputc                                0x08005936   Section        0  printfa.o(i._snputc)
    _snputc                                  0x08005937   Thumb Code    22  printfa.o(i._snputc)
    i.delay_9959                             0x0800594c   Section        0  ad9959.o(i.delay_9959)
    i.delay_init                             0x08005958   Section        0  delay.o(i.delay_init)
    i.delay_us                               0x0800599c   Section        0  delay.o(i.delay_us)
    i.fputc                                  0x080059d4   Section        0  usart.o(i.fputc)
    i.main                                   0x080059f4   Section        0  main.o(i.main)
    .constdata                               0x08005be8   Section     2640  main.o(.constdata)
    g_gain_table_2d                          0x08005be8   Data        2640  main.o(.constdata)
    .constdata                               0x08006638   Section        8  stm32f4xx_hal_dma.o(.constdata)
    flagBitshiftOffset                       0x08006638   Data           8  stm32f4xx_hal_dma.o(.constdata)
    .constdata                               0x08006640   Section       16  system_stm32f4xx.o(.constdata)
    .constdata                               0x08006650   Section        8  system_stm32f4xx.o(.constdata)
    .constdata                               0x08006658   Section       64  log10f.o(.constdata)
    logahi                                   0x08006658   Data          32  log10f.o(.constdata)
    logalo                                   0x08006678   Data          32  log10f.o(.constdata)
    .constdata                               0x08006698   Section       32  rredf.o(.constdata)
    twooverpi                                0x08006698   Data          32  rredf.o(.constdata)
    .data                                    0x20000000   Section       20  main.o(.data)
    g_dds_state                              0x20000000   Data           1  main.o(.data)
    last_set_vpp_mv                          0x20000004   Data           4  main.o(.data)
    g_last_output_freq_hz                    0x20000008   Data           4  main.o(.data)
    debug_freq_val                           0x2000000c   Data           4  main.o(.data)
    debug_amp_code                           0x20000010   Data           4  main.o(.data)
    .data                                    0x20000014   Section       12  stm32f4xx_hal.o(.data)
    .data                                    0x20000020   Section        4  system_stm32f4xx.o(.data)
    .data                                    0x20000024   Section        4  delay.o(.data)
    s_cycles_per_us                          0x20000024   Data           4  delay.o(.data)
    .data                                    0x20000028   Section      140  ad9959.o(.data)
    .data                                    0x200000b4   Section        8  frequency_control.o(.data)
    .data                                    0x200000bc   Section        4  zpn_hmi_pack.o(.data)
    packVarCount                             0x200000bc   Data           1  zpn_hmi_pack.o(.data)
    current_len                              0x200000be   Data           2  zpn_hmi_pack.o(.data)
    .data                                    0x200000c0   Section        4  zpn_uart.o(.data)
    uart1_tx_busy                            0x200000c0   Data           1  zpn_uart.o(.data)
    uart2_tx_busy                            0x200000c1   Data           1  zpn_uart.o(.data)
    uart2_rx_buffer                          0x200000c3   Data           1  zpn_uart.o(.data)
    .data                                    0x200000c4   Section        8  amplitude_control.o(.data)
    .data                                    0x200000cc   Section       40  9959_scan.o(.data)
    g_dbg_sweep_running                      0x200000cc   Data           1  9959_scan.o(.data)
    g_dbg_feature_valid                      0x200000cd   Data           1  9959_scan.o(.data)
    g_dbg_model_type                         0x200000ce   Data           1  9959_scan.o(.data)
    g_dbg_sweep_index                        0x200000d0   Data           2  9959_scan.o(.data)
    g_dbg_current_level                      0x200000d2   Data           2  9959_scan.o(.data)
    g_dbg_peak_level                         0x200000d4   Data           2  9959_scan.o(.data)
    g_dbg_peak_index                         0x200000d6   Data           2  9959_scan.o(.data)
    g_dbg_current_freq_hz                    0x200000d8   Data           4  9959_scan.o(.data)
    g_dbg_f0_hz                              0x200000dc   Data           4  9959_scan.o(.data)
    g_dbg_f1_hz                              0x200000e0   Data           4  9959_scan.o(.data)
    g_dbg_f2_hz                              0x200000e4   Data           4  9959_scan.o(.data)
    g_dbg_q_factor                           0x200000e8   Data           4  9959_scan.o(.data)
    g_dbg_target_3db_level                   0x200000ec   Data           4  9959_scan.o(.data)
    g_dbg_fc_hz                              0x200000f0   Data           4  9959_scan.o(.data)
    .data                                    0x200000f4   Section        4  stdout.o(.data)
    .data                                    0x200000f8   Section        4  errno.o(.data)
    _errno                                   0x200000f8   Data           4  errno.o(.data)
    .bss                                     0x200000fc   Section       28  main.o(.bss)
    g_filter_feature                         0x200000fc   Data          28  main.o(.bss)
    .bss                                     0x20000118   Section      336  adc.o(.bss)
    .bss                                     0x20000268   Section      116  dac.o(.bss)
    .bss                                     0x200002dc   Section       84  i2c.o(.bss)
    .bss                                     0x20000330   Section      216  tim.o(.bss)
    .bss                                     0x20000408   Section      336  usart.o(.bss)
    .bss                                     0x20000558   Section       16  ad9959.o(.bss)
    .bss                                     0x20000568   Section      512  zpn_hmi_pack.o(.bss)
    packVars                                 0x20000568   Data         256  zpn_hmi_pack.o(.bss)
    parse_buffer                             0x20000668   Data         256  zpn_hmi_pack.o(.bss)
    .bss                                     0x20000768   Section     2172  zpn_uart.o(.bss)
    uart1_dma                                0x20000768   Data        1026  zpn_uart.o(.bss)
    uart2_ring                               0x20000b6a   Data         506  zpn_uart.o(.bss)
    uart1_tx_buffer                          0x20000d64   Data         512  zpn_uart.o(.bss)
    uart2_tx_buffer                          0x20000f64   Data         128  zpn_uart.o(.bss)
    .bss                                     0x20000fe4   Section     1280  9959_scan.o(.bss)
    g_sweep_freq                             0x20000fe4   Data         320  9959_scan.o(.bss)
    g_sweep_level                            0x20001124   Data         160  9959_scan.o(.bss)
    g_sweep_in_level                         0x200011c4   Data         160  9959_scan.o(.bss)
    g_sweep_gain_db                          0x20001264   Data         320  9959_scan.o(.bss)
    g_sweep_phase_deg                        0x200013a4   Data         320  9959_scan.o(.bss)
    STACK                                    0x200014e8   Section     1024  startup_stm32f407xx.o(STACK)

    Global Symbols

    Symbol Name                              Value     Ov Type        Size  Object(Section)

    BuildAttributes$$THM_ISAv4$E$P$D$K$B$S$7EM$VFPi3$EXTD16$VFPS$VFMA$PE$A:L22UL41UL21$X:L11$S22US41US21$IEEE1$IW$USESV6$~STKCKD$USESV7$~SHL$OTIME$ROPI$IEEEX$EBA8$MICROLIB$REQ8$PRES8$EABIv2 0x00000000   Number         0  anon$$obj.o ABSOLUTE
    __ARM_use_no_argv                        0x00000000   Number         0  main.o ABSOLUTE
    _printf_a                                0x00000000   Number         0  stubs.o ABSOLUTE
    _printf_c                                0x00000000   Number         0  stubs.o ABSOLUTE
    _printf_charcount                        0x00000000   Number         0  stubs.o ABSOLUTE
    _printf_d                                0x00000000   Number         0  stubs.o ABSOLUTE
    _printf_e                                0x00000000   Number         0  stubs.o ABSOLUTE
    _printf_f                                0x00000000   Number         0  stubs.o ABSOLUTE
    _printf_flags                            0x00000000   Number         0  stubs.o ABSOLUTE
    _printf_fp_dec                           0x00000000   Number         0  stubs.o ABSOLUTE
    _printf_fp_hex                           0x00000000   Number         0  stubs.o ABSOLUTE
    _printf_g                                0x00000000   Number         0  stubs.o ABSOLUTE
    _printf_i                                0x00000000   Number         0  stubs.o ABSOLUTE
    _printf_int_dec                          0x00000000   Number         0  stubs.o ABSOLUTE
    _printf_l                                0x00000000   Number         0  stubs.o ABSOLUTE
    _printf_lc                               0x00000000   Number         0  stubs.o ABSOLUTE
    _printf_ll                               0x00000000   Number         0  stubs.o ABSOLUTE
    _printf_lld                              0x00000000   Number         0  stubs.o ABSOLUTE
    _printf_lli                              0x00000000   Number         0  stubs.o ABSOLUTE
    _printf_llo                              0x00000000   Number         0  stubs.o ABSOLUTE
    _printf_llu                              0x00000000   Number         0  stubs.o ABSOLUTE
    _printf_llx                              0x00000000   Number         0  stubs.o ABSOLUTE
    _printf_longlong_dec                     0x00000000   Number         0  stubs.o ABSOLUTE
    _printf_longlong_hex                     0x00000000   Number         0  stubs.o ABSOLUTE
    _printf_longlong_oct                     0x00000000   Number         0  stubs.o ABSOLUTE
    _printf_ls                               0x00000000   Number         0  stubs.o ABSOLUTE
    _printf_mbtowc                           0x00000000   Number         0  stubs.o ABSOLUTE
    _printf_n                                0x00000000   Number         0  stubs.o ABSOLUTE
    _printf_o                                0x00000000   Number         0  stubs.o ABSOLUTE
    _printf_p                                0x00000000   Number         0  stubs.o ABSOLUTE
    _printf_percent                          0x00000000   Number         0  stubs.o ABSOLUTE
    _printf_pre_padding                      0x00000000   Number         0  stubs.o ABSOLUTE
    _printf_return_value                     0x00000000   Number         0  stubs.o ABSOLUTE
    _printf_s                                0x00000000   Number         0  stubs.o ABSOLUTE
    _printf_sizespec                         0x00000000   Number         0  stubs.o ABSOLUTE
    _printf_str                              0x00000000   Number         0  stubs.o ABSOLUTE
    _printf_truncate_signed                  0x00000000   Number         0  stubs.o ABSOLUTE
    _printf_truncate_unsigned                0x00000000   Number         0  stubs.o ABSOLUTE
    _printf_u                                0x00000000   Number         0  stubs.o ABSOLUTE
    _printf_wc                               0x00000000   Number         0  stubs.o ABSOLUTE
    _printf_wctomb                           0x00000000   Number         0  stubs.o ABSOLUTE
    _printf_widthprec                        0x00000000   Number         0  stubs.o ABSOLUTE
    _printf_x                                0x00000000   Number         0  stubs.o ABSOLUTE
    __cpp_initialize__aeabi_                  - Undefined Weak Reference
    __cxa_finalize                            - Undefined Weak Reference
    __decompress                              - Undefined Weak Reference
    _clock_init                               - Undefined Weak Reference
    _microlib_exit                            - Undefined Weak Reference
    __Vectors_Size                           0x00000188   Number         0  startup_stm32f407xx.o ABSOLUTE
    __Vectors                                0x08000000   Data           4  startup_stm32f407xx.o(RESET)
    __Vectors_End                            0x08000188   Data           0  startup_stm32f407xx.o(RESET)
    __main                                   0x08000189   Thumb Code     0  entry.o(.ARM.Collect$$$$00000000)
    _main_stk                                0x08000189   Thumb Code     0  entry2.o(.ARM.Collect$$$$00000001)
    _main_scatterload                        0x0800018d   Thumb Code     0  entry5.o(.ARM.Collect$$$$00000004)
    __main_after_scatterload                 0x08000191   Thumb Code     0  entry5.o(.ARM.Collect$$$$00000004)
    _main_clock                              0x08000191   Thumb Code     0  entry7b.o(.ARM.Collect$$$$00000008)
    _main_cpp_init                           0x08000191   Thumb Code     0  entry8b.o(.ARM.Collect$$$$0000000A)
    _main_init                               0x08000191   Thumb Code     0  entry9a.o(.ARM.Collect$$$$0000000B)
    __rt_final_cpp                           0x08000199   Thumb Code     0  entry10a.o(.ARM.Collect$$$$0000000D)
    __rt_final_exit                          0x08000199   Thumb Code     0  entry11a.o(.ARM.Collect$$$$0000000F)
    Reset_Handler                            0x0800019d   Thumb Code     8  startup_stm32f407xx.o(.text)
    ADC_IRQHandler                           0x080001b7   Thumb Code     0  startup_stm32f407xx.o(.text)
    CAN1_RX0_IRQHandler                      0x080001b7   Thumb Code     0  startup_stm32f407xx.o(.text)
    CAN1_RX1_IRQHandler                      0x080001b7   Thumb Code     0  startup_stm32f407xx.o(.text)
    CAN1_SCE_IRQHandler                      0x080001b7   Thumb Code     0  startup_stm32f407xx.o(.text)
    CAN1_TX_IRQHandler                       0x080001b7   Thumb Code     0  startup_stm32f407xx.o(.text)
    CAN2_RX0_IRQHandler                      0x080001b7   Thumb Code     0  startup_stm32f407xx.o(.text)
    CAN2_RX1_IRQHandler                      0x080001b7   Thumb Code     0  startup_stm32f407xx.o(.text)
    CAN2_SCE_IRQHandler                      0x080001b7   Thumb Code     0  startup_stm32f407xx.o(.text)
    CAN2_TX_IRQHandler                       0x080001b7   Thumb Code     0  startup_stm32f407xx.o(.text)
    DCMI_IRQHandler                          0x080001b7   Thumb Code     0  startup_stm32f407xx.o(.text)
    DMA1_Stream0_IRQHandler                  0x080001b7   Thumb Code     0  startup_stm32f407xx.o(.text)
    DMA1_Stream1_IRQHandler                  0x080001b7   Thumb Code     0  startup_stm32f407xx.o(.text)
    DMA1_Stream2_IRQHandler                  0x080001b7   Thumb Code     0  startup_stm32f407xx.o(.text)
    DMA1_Stream3_IRQHandler                  0x080001b7   Thumb Code     0  startup_stm32f407xx.o(.text)
    DMA1_Stream4_IRQHandler                  0x080001b7   Thumb Code     0  startup_stm32f407xx.o(.text)
    DMA1_Stream6_IRQHandler                  0x080001b7   Thumb Code     0  startup_stm32f407xx.o(.text)
    DMA1_Stream7_IRQHandler                  0x080001b7   Thumb Code     0  startup_stm32f407xx.o(.text)
    DMA2_Stream1_IRQHandler                  0x080001b7   Thumb Code     0  startup_stm32f407xx.o(.text)
    DMA2_Stream4_IRQHandler                  0x080001b7   Thumb Code     0  startup_stm32f407xx.o(.text)
    DMA2_Stream5_IRQHandler                  0x080001b7   Thumb Code     0  startup_stm32f407xx.o(.text)
    DMA2_Stream6_IRQHandler                  0x080001b7   Thumb Code     0  startup_stm32f407xx.o(.text)
    ETH_IRQHandler                           0x080001b7   Thumb Code     0  startup_stm32f407xx.o(.text)
    ETH_WKUP_IRQHandler                      0x080001b7   Thumb Code     0  startup_stm32f407xx.o(.text)
    EXTI0_IRQHandler                         0x080001b7   Thumb Code     0  startup_stm32f407xx.o(.text)
    EXTI15_10_IRQHandler                     0x080001b7   Thumb Code     0  startup_stm32f407xx.o(.text)
    EXTI1_IRQHandler                         0x080001b7   Thumb Code     0  startup_stm32f407xx.o(.text)
    EXTI2_IRQHandler                         0x080001b7   Thumb Code     0  startup_stm32f407xx.o(.text)
    EXTI3_IRQHandler                         0x080001b7   Thumb Code     0  startup_stm32f407xx.o(.text)
    EXTI4_IRQHandler                         0x080001b7   Thumb Code     0  startup_stm32f407xx.o(.text)
    EXTI9_5_IRQHandler                       0x080001b7   Thumb Code     0  startup_stm32f407xx.o(.text)
    FLASH_IRQHandler                         0x080001b7   Thumb Code     0  startup_stm32f407xx.o(.text)
    FMC_IRQHandler                           0x080001b7   Thumb Code     0  startup_stm32f407xx.o(.text)
    FPU_IRQHandler                           0x080001b7   Thumb Code     0  startup_stm32f407xx.o(.text)
    HASH_RNG_IRQHandler                      0x080001b7   Thumb Code     0  startup_stm32f407xx.o(.text)
    I2C1_ER_IRQHandler                       0x080001b7   Thumb Code     0  startup_stm32f407xx.o(.text)
    I2C1_EV_IRQHandler                       0x080001b7   Thumb Code     0  startup_stm32f407xx.o(.text)
    I2C2_ER_IRQHandler                       0x080001b7   Thumb Code     0  startup_stm32f407xx.o(.text)
    I2C2_EV_IRQHandler                       0x080001b7   Thumb Code     0  startup_stm32f407xx.o(.text)
    I2C3_ER_IRQHandler                       0x080001b7   Thumb Code     0  startup_stm32f407xx.o(.text)
    I2C3_EV_IRQHandler                       0x080001b7   Thumb Code     0  startup_stm32f407xx.o(.text)
    OTG_FS_IRQHandler                        0x080001b7   Thumb Code     0  startup_stm32f407xx.o(.text)
    OTG_FS_WKUP_IRQHandler                   0x080001b7   Thumb Code     0  startup_stm32f407xx.o(.text)
    OTG_HS_EP1_IN_IRQHandler                 0x080001b7   Thumb Code     0  startup_stm32f407xx.o(.text)
    OTG_HS_EP1_OUT_IRQHandler                0x080001b7   Thumb Code     0  startup_stm32f407xx.o(.text)
    OTG_HS_IRQHandler                        0x080001b7   Thumb Code     0  startup_stm32f407xx.o(.text)
    OTG_HS_WKUP_IRQHandler                   0x080001b7   Thumb Code     0  startup_stm32f407xx.o(.text)
    PVD_IRQHandler                           0x080001b7   Thumb Code     0  startup_stm32f407xx.o(.text)
    RCC_IRQHandler                           0x080001b7   Thumb Code     0  startup_stm32f407xx.o(.text)
    RTC_Alarm_IRQHandler                     0x080001b7   Thumb Code     0  startup_stm32f407xx.o(.text)
    RTC_WKUP_IRQHandler                      0x080001b7   Thumb Code     0  startup_stm32f407xx.o(.text)
    SDIO_IRQHandler                          0x080001b7   Thumb Code     0  startup_stm32f407xx.o(.text)
    SPI1_IRQHandler                          0x080001b7   Thumb Code     0  startup_stm32f407xx.o(.text)
    SPI2_IRQHandler                          0x080001b7   Thumb Code     0  startup_stm32f407xx.o(.text)
    SPI3_IRQHandler                          0x080001b7   Thumb Code     0  startup_stm32f407xx.o(.text)
    TAMP_STAMP_IRQHandler                    0x080001b7   Thumb Code     0  startup_stm32f407xx.o(.text)
    TIM1_BRK_TIM9_IRQHandler                 0x080001b7   Thumb Code     0  startup_stm32f407xx.o(.text)
    TIM1_CC_IRQHandler                       0x080001b7   Thumb Code     0  startup_stm32f407xx.o(.text)
    TIM1_TRG_COM_TIM11_IRQHandler            0x080001b7   Thumb Code     0  startup_stm32f407xx.o(.text)
    TIM1_UP_TIM10_IRQHandler                 0x080001b7   Thumb Code     0  startup_stm32f407xx.o(.text)
    TIM2_IRQHandler                          0x080001b7   Thumb Code     0  startup_stm32f407xx.o(.text)
    TIM3_IRQHandler                          0x080001b7   Thumb Code     0  startup_stm32f407xx.o(.text)
    TIM4_IRQHandler                          0x080001b7   Thumb Code     0  startup_stm32f407xx.o(.text)
    TIM5_IRQHandler                          0x080001b7   Thumb Code     0  startup_stm32f407xx.o(.text)
    TIM6_DAC_IRQHandler                      0x080001b7   Thumb Code     0  startup_stm32f407xx.o(.text)
    TIM7_IRQHandler                          0x080001b7   Thumb Code     0  startup_stm32f407xx.o(.text)
    TIM8_BRK_TIM12_IRQHandler                0x080001b7   Thumb Code     0  startup_stm32f407xx.o(.text)
    TIM8_CC_IRQHandler                       0x080001b7   Thumb Code     0  startup_stm32f407xx.o(.text)
    TIM8_TRG_COM_TIM14_IRQHandler            0x080001b7   Thumb Code     0  startup_stm32f407xx.o(.text)
    TIM8_UP_TIM13_IRQHandler                 0x080001b7   Thumb Code     0  startup_stm32f407xx.o(.text)
    UART4_IRQHandler                         0x080001b7   Thumb Code     0  startup_stm32f407xx.o(.text)
    UART5_IRQHandler                         0x080001b7   Thumb Code     0  startup_stm32f407xx.o(.text)
    USART3_IRQHandler                        0x080001b7   Thumb Code     0  startup_stm32f407xx.o(.text)
    USART6_IRQHandler                        0x080001b7   Thumb Code     0  startup_stm32f407xx.o(.text)
    WWDG_IRQHandler                          0x080001b7   Thumb Code     0  startup_stm32f407xx.o(.text)
    __aeabi_uldivmod                         0x080001c1   Thumb Code    98  uldiv.o(.text)
    __aeabi_llsl                             0x08000223   Thumb Code    30  llshl.o(.text)
    _ll_shift_l                              0x08000223   Thumb Code     0  llshl.o(.text)
    __aeabi_lasr                             0x08000241   Thumb Code    36  llsshr.o(.text)
    _ll_sshift_r                             0x08000241   Thumb Code     0  llsshr.o(.text)
    ___aeabi_memcpy8$move                    0x08000265   Thumb Code     0  memmovea.o(.text)
    __aeabi_memcpy                           0x08000265   Thumb Code    64  memmovea.o(.text)
    __aeabi_memcpy4                          0x08000265   Thumb Code     0  memmovea.o(.text)
    __aeabi_memmove                          0x08000265   Thumb Code     0  memmovea.o(.text)
    __aeabi_memmove4                         0x08000265   Thumb Code     0  memmovea.o(.text)
    __aeabi_memmove8                         0x08000265   Thumb Code     0  memmovea.o(.text)
    __aeabi_memset                           0x080002a5   Thumb Code    14  memseta.o(.text)
    __aeabi_memset4                          0x080002a5   Thumb Code     0  memseta.o(.text)
    __aeabi_memset8                          0x080002a5   Thumb Code     0  memseta.o(.text)
    __aeabi_memclr                           0x080002b3   Thumb Code     4  memseta.o(.text)
    __aeabi_memclr4                          0x080002b3   Thumb Code     0  memseta.o(.text)
    __aeabi_memclr8                          0x080002b3   Thumb Code     0  memseta.o(.text)
    _memset$wrapper                          0x080002b7   Thumb Code    18  memseta.o(.text)
    strlen                                   0x080002c9   Thumb Code    14  strlen.o(.text)
    __aeabi_dadd                             0x080002d7   Thumb Code   322  dadd.o(.text)
    __aeabi_dsub                             0x08000419   Thumb Code     6  dadd.o(.text)
    __aeabi_drsub                            0x0800041f   Thumb Code     6  dadd.o(.text)
    __aeabi_dmul                             0x08000425   Thumb Code   228  dmul.o(.text)
    __aeabi_ddiv                             0x08000509   Thumb Code   222  ddiv.o(.text)
    __aeabi_ui2d                             0x080005e7   Thumb Code    26  dfltui.o(.text)
    __aeabi_d2uiz                            0x08000601   Thumb Code    50  dfixui.o(.text)
    __aeabi_cdrcmple                         0x08000635   Thumb Code    48  cdrcmple.o(.text)
    __aeabi_uidiv                            0x08000665   Thumb Code     0  uidiv.o(.text)
    __aeabi_uidivmod                         0x08000665   Thumb Code    44  uidiv.o(.text)
    __aeabi_llsr                             0x08000691   Thumb Code    32  llushr.o(.text)
    _ll_ushift_r                             0x08000691   Thumb Code     0  llushr.o(.text)
    __I$use$fp                               0x080006b1   Thumb Code     0  iusefp.o(.text)
    _double_round                            0x080006b1   Thumb Code    30  depilogue.o(.text)
    _double_epilogue                         0x080006cf   Thumb Code   156  depilogue.o(.text)
    __aeabi_d2ulz                            0x0800076b   Thumb Code    48  dfixul.o(.text)
    __scatterload                            0x0800079d   Thumb Code    28  init.o(.text)
    __scatterload_rt2                        0x0800079d   Thumb Code     0  init.o(.text)
    AD9959_IO_Update                         0x080007c1   Thumb Code    38  ad9959.o(i.AD9959_IO_Update)
    Amp2Word                                 0x08000915   Thumb Code    16  ad9959.o(i.Amp2Word)
    AmplitudeControl_Init                    0x08000925   Thumb Code     2  amplitude_control.o(i.AmplitudeControl_Init)
    AmplitudeControl_SetAmplitude            0x08000929   Thumb Code    32  amplitude_control.o(i.AmplitudeControl_SetAmplitude)
    BusFault_Handler                         0x08000985   Thumb Code     2  stm32f4xx_it.o(i.BusFault_Handler)
    Channel_Select                           0x08000989   Thumb Code    18  ad9959.o(i.Channel_Select)
    DMA1_Stream5_IRQHandler                  0x080009c9   Thumb Code     6  stm32f4xx_it.o(i.DMA1_Stream5_IRQHandler)
    DMA2_Stream0_IRQHandler                  0x080009d5   Thumb Code     6  stm32f4xx_it.o(i.DMA2_Stream0_IRQHandler)
    DMA2_Stream2_IRQHandler                  0x080009e1   Thumb Code     6  stm32f4xx_it.o(i.DMA2_Stream2_IRQHandler)
    DMA2_Stream3_IRQHandler                  0x080009ed   Thumb Code     6  stm32f4xx_it.o(i.DMA2_Stream3_IRQHandler)
    DMA2_Stream7_IRQHandler                  0x080009f9   Thumb Code     6  stm32f4xx_it.o(i.DMA2_Stream7_IRQHandler)
    DebugMon_Handler                         0x08000aa9   Thumb Code     2  stm32f4xx_it.o(i.DebugMon_Handler)
    Error_Handler                            0x08000aab   Thumb Code     4  main.o(i.Error_Handler)
    Freq2Word                                0x08000ab1   Thumb Code    48  ad9959.o(i.Freq2Word)
    FrequencyControl_Init                    0x08000ae9   Thumb Code    34  frequency_control.o(i.FrequencyControl_Init)
    HAL_ADC_ConfigChannel                    0x08000b71   Thumb Code   316  stm32f4xx_hal_adc.o(i.HAL_ADC_ConfigChannel)
    HAL_ADC_GetValue                         0x08000cbd   Thumb Code     6  stm32f4xx_hal_adc.o(i.HAL_ADC_GetValue)
    HAL_ADC_Init                             0x08000cc3   Thumb Code    84  stm32f4xx_hal_adc.o(i.HAL_ADC_Init)
    HAL_ADC_MspInit                          0x08000d19   Thumb Code   234  adc.o(i.HAL_ADC_MspInit)
    HAL_ADC_PollForConversion                0x08000e1d   Thumb Code   170  stm32f4xx_hal_adc.o(i.HAL_ADC_PollForConversion)
    HAL_ADC_Start                            0x08000ec9   Thumb Code   228  stm32f4xx_hal_adc.o(i.HAL_ADC_Start)
    HAL_ADC_Stop                             0x08000fc5   Thumb Code    60  stm32f4xx_hal_adc.o(i.HAL_ADC_Stop)
    HAL_DAC_ConfigChannel                    0x08001001   Thumb Code    78  stm32f4xx_hal_dac.o(i.HAL_DAC_ConfigChannel)
    HAL_DAC_Init                             0x0800104f   Thumb Code    40  stm32f4xx_hal_dac.o(i.HAL_DAC_Init)
    HAL_DAC_MspInit                          0x08001079   Thumb Code   138  dac.o(i.HAL_DAC_MspInit)
    HAL_DMA_Abort                            0x08001119   Thumb Code   146  stm32f4xx_hal_dma.o(i.HAL_DMA_Abort)
    HAL_DMA_Abort_IT                         0x080011ab   Thumb Code    36  stm32f4xx_hal_dma.o(i.HAL_DMA_Abort_IT)
    HAL_DMA_IRQHandler                       0x080011d1   Thumb Code   412  stm32f4xx_hal_dma.o(i.HAL_DMA_IRQHandler)
    HAL_DMA_Init                             0x08001371   Thumb Code   206  stm32f4xx_hal_dma.o(i.HAL_DMA_Init)
    HAL_DMA_Start_IT                         0x08001445   Thumb Code   110  stm32f4xx_hal_dma.o(i.HAL_DMA_Start_IT)
    HAL_Delay                                0x080014b5   Thumb Code    32  stm32f4xx_hal.o(i.HAL_Delay)
    HAL_GPIO_Init                            0x080014d9   Thumb Code   450  stm32f4xx_hal_gpio.o(i.HAL_GPIO_Init)
    HAL_GPIO_WritePin                        0x080016c9   Thumb Code    10  stm32f4xx_hal_gpio.o(i.HAL_GPIO_WritePin)
    HAL_GetTick                              0x080016d5   Thumb Code     6  stm32f4xx_hal.o(i.HAL_GetTick)
    HAL_I2C_Init                             0x080016e1   Thumb Code   376  stm32f4xx_hal_i2c.o(i.HAL_I2C_Init)
    HAL_I2C_MspInit                          0x08001869   Thumb Code    94  i2c.o(i.HAL_I2C_MspInit)
    HAL_IncTick                              0x080018d5   Thumb Code    12  stm32f4xx_hal.o(i.HAL_IncTick)
    HAL_Init                                 0x080018e5   Thumb Code    48  stm32f4xx_hal.o(i.HAL_Init)
    HAL_InitTick                             0x08001919   Thumb Code    54  stm32f4xx_hal.o(i.HAL_InitTick)
    HAL_MspInit                              0x08001959   Thumb Code    42  stm32f4xx_hal_msp.o(i.HAL_MspInit)
    HAL_NVIC_EnableIRQ                       0x08001989   Thumb Code    26  stm32f4xx_hal_cortex.o(i.HAL_NVIC_EnableIRQ)
    HAL_NVIC_SetPriority                     0x080019a5   Thumb Code    60  stm32f4xx_hal_cortex.o(i.HAL_NVIC_SetPriority)
    HAL_NVIC_SetPriorityGrouping             0x080019e5   Thumb Code    26  stm32f4xx_hal_cortex.o(i.HAL_NVIC_SetPriorityGrouping)
    HAL_RCC_ClockConfig                      0x08001a09   Thumb Code   288  stm32f4xx_hal_rcc.o(i.HAL_RCC_ClockConfig)
    HAL_RCC_GetPCLK1Freq                     0x08001b3d   Thumb Code    20  stm32f4xx_hal_rcc.o(i.HAL_RCC_GetPCLK1Freq)
    HAL_RCC_GetPCLK2Freq                     0x08001b5d   Thumb Code    20  stm32f4xx_hal_rcc.o(i.HAL_RCC_GetPCLK2Freq)
    HAL_RCC_GetSysClockFreq                  0x08001b7d   Thumb Code    88  stm32f4xx_hal_rcc.o(i.HAL_RCC_GetSysClockFreq)
    HAL_RCC_OscConfig                        0x08001be1   Thumb Code   856  stm32f4xx_hal_rcc.o(i.HAL_RCC_OscConfig)
    HAL_SYSTICK_Config                       0x08001f4d   Thumb Code    40  stm32f4xx_hal_cortex.o(i.HAL_SYSTICK_Config)
    HAL_TIMEx_MasterConfigSynchronization    0x08001f75   Thumb Code   116  stm32f4xx_hal_tim_ex.o(i.HAL_TIMEx_MasterConfigSynchronization)
    HAL_TIM_Base_Init                        0x08002005   Thumb Code    90  stm32f4xx_hal_tim.o(i.HAL_TIM_Base_Init)
    HAL_TIM_Base_MspInit                     0x08002061   Thumb Code    52  tim.o(i.HAL_TIM_Base_MspInit)
    HAL_TIM_Base_Start                       0x080020a1   Thumb Code    90  stm32f4xx_hal_tim.o(i.HAL_TIM_Base_Start)
    HAL_TIM_ConfigClockSource                0x08002119   Thumb Code   220  stm32f4xx_hal_tim.o(i.HAL_TIM_ConfigClockSource)
    HAL_TIM_MspPostInit                      0x080021f5   Thumb Code    70  tim.o(i.HAL_TIM_MspPostInit)
    HAL_TIM_PWM_ConfigChannel                0x08002245   Thumb Code   204  stm32f4xx_hal_tim.o(i.HAL_TIM_PWM_ConfigChannel)
    HAL_TIM_PWM_Init                         0x08002311   Thumb Code    90  stm32f4xx_hal_tim.o(i.HAL_TIM_PWM_Init)
    HAL_TIM_PWM_MspInit                      0x0800236d   Thumb Code    30  tim.o(i.HAL_TIM_PWM_MspInit)
    HAL_TIM_PWM_Start                        0x08002391   Thumb Code   172  stm32f4xx_hal_tim.o(i.HAL_TIM_PWM_Start)
    HAL_UARTEx_ReceiveToIdle_DMA             0x08002459   Thumb Code    74  stm32f4xx_hal_uart.o(i.HAL_UARTEx_ReceiveToIdle_DMA)
    HAL_UARTEx_RxEventCallback               0x080024a5   Thumb Code    74  zpn_uart.o(i.HAL_UARTEx_RxEventCallback)
    HAL_UART_ErrorCallback                   0x080024fd   Thumb Code     2  stm32f4xx_hal_uart.o(i.HAL_UART_ErrorCallback)
    HAL_UART_IRQHandler                      0x08002501   Thumb Code   636  stm32f4xx_hal_uart.o(i.HAL_UART_IRQHandler)
    HAL_UART_Init                            0x08002781   Thumb Code   100  stm32f4xx_hal_uart.o(i.HAL_UART_Init)
    HAL_UART_MspInit                         0x080027e5   Thumb Code   288  usart.o(i.HAL_UART_MspInit)
    HAL_UART_Receive_IT                      0x0800291d   Thumb Code    28  stm32f4xx_hal_uart.o(i.HAL_UART_Receive_IT)
    HAL_UART_RxCpltCallback                  0x08002939   Thumb Code    86  zpn_uart.o(i.HAL_UART_RxCpltCallback)
    HAL_UART_RxHalfCpltCallback              0x080029a1   Thumb Code     2  stm32f4xx_hal_uart.o(i.HAL_UART_RxHalfCpltCallback)
    HAL_UART_Transmit                        0x080029a3   Thumb Code   160  stm32f4xx_hal_uart.o(i.HAL_UART_Transmit)
    HAL_UART_Transmit_IT                     0x08002a43   Thumb Code    50  stm32f4xx_hal_uart.o(i.HAL_UART_Transmit_IT)
    HAL_UART_TxCpltCallback                  0x08002a75   Thumb Code    26  zpn_uart.o(i.HAL_UART_TxCpltCallback)
    HMI_SetText                              0x08002a9d   Thumb Code    42  zpn_hmi.o(i.HMI_SetText)
    HardFault_Handler                        0x08002ad5   Thumb Code     2  stm32f4xx_it.o(i.HardFault_Handler)
    InitIO_9959                              0x08002ad9   Thumb Code   196  ad9959.o(i.InitIO_9959)
    InitReset                                0x08002ba1   Thumb Code    56  ad9959.o(i.InitReset)
    Init_AD9959                              0x08002bdd   Thumb Code   162  ad9959.o(i.Init_AD9959)
    MAX262_Init                              0x08002c91   Thumb Code    92  max262.o(i.MAX262_Init)
    MX_ADC1_Init                             0x08002cf5   Thumb Code    88  adc.o(i.MX_ADC1_Init)
    MX_ADC2_Init                             0x08002d55   Thumb Code    88  adc.o(i.MX_ADC2_Init)
    MX_DAC_Init                              0x08002db5   Thumb Code    52  dac.o(i.MX_DAC_Init)
    MX_DMA_Init                              0x08002df1   Thumb Code   120  dma.o(i.MX_DMA_Init)
    MX_GPIO_Init                             0x08002e6d   Thumb Code   268  gpio.o(i.MX_GPIO_Init)
    MX_I2C2_Init                             0x08002f8d   Thumb Code    50  i2c.o(i.MX_I2C2_Init)
    MX_TIM2_Init                             0x08002fcd   Thumb Code   108  tim.o(i.MX_TIM2_Init)
    MX_TIM3_Init                             0x0800303d   Thumb Code    96  tim.o(i.MX_TIM3_Init)
    MX_TIM6_Init                             0x080030a5   Thumb Code    58  tim.o(i.MX_TIM6_Init)
    MX_USART1_UART_Init                      0x080030e9   Thumb Code    48  usart.o(i.MX_USART1_UART_Init)
    MX_USART2_UART_Init                      0x08003121   Thumb Code    48  usart.o(i.MX_USART2_UART_Init)
    MemManage_Handler                        0x08003159   Thumb Code     2  stm32f4xx_it.o(i.MemManage_Handler)
    NMI_Handler                              0x0800315b   Thumb Code     2  stm32f4xx_it.o(i.NMI_Handler)
    PACK_ParseFrame                          0x0800315d   Thumb Code   200  zpn_hmi_pack.o(i.PACK_ParseFrame)
    PACK_ParseFromRingBuffer                 0x0800322d   Thumb Code   184  zpn_hmi_pack.o(i.PACK_ParseFromRingBuffer)
    PACK_SetTemplate                         0x080032ed   Thumb Code    34  zpn_hmi_pack.o(i.PACK_SetTemplate)
    PendSV_Handler                           0x08003319   Thumb Code     2  stm32f4xx_it.o(i.PendSV_Handler)
    Phase2Word                               0x0800331d   Thumb Code    32  ad9959.o(i.Phase2Word)
    SCAN_ModelTypeToString                   0x08003709   Thumb Code    36  9959_scan.o(i.SCAN_ModelTypeToString)
    SCAN_RunAndExtract                       0x0800384d   Thumb Code   898  9959_scan.o(i.SCAN_RunAndExtract)
    SVC_Handler                              0x08003bf9   Thumb Code     2  stm32f4xx_it.o(i.SVC_Handler)
    SysTick_Handler                          0x08003c39   Thumb Code     4  stm32f4xx_it.o(i.SysTick_Handler)
    SystemClock_Config                       0x08003c3d   Thumb Code   142  main.o(i.SystemClock_Config)
    SystemInit                               0x08003cd5   Thumb Code    12  system_stm32f4xx.o(i.SystemInit)
    TIM_Base_SetConfig                       0x08003ce5   Thumb Code   164  stm32f4xx_hal_tim.o(i.TIM_Base_SetConfig)
    TIM_CCxChannelCmd                        0x08003db5   Thumb Code    26  stm32f4xx_hal_tim.o(i.TIM_CCxChannelCmd)
    TIM_ETR_SetConfig                        0x08003dcf   Thumb Code    20  stm32f4xx_hal_tim.o(i.TIM_ETR_SetConfig)
    TIM_OC2_SetConfig                        0x08003e55   Thumb Code    98  stm32f4xx_hal_tim.o(i.TIM_OC2_SetConfig)
    UART2_GetReceivedData                    0x08004025   Thumb Code    74  zpn_uart.o(i.UART2_GetReceivedData)
    UART2_GetRxBufferLength                  0x08004075   Thumb Code     6  zpn_uart.o(i.UART2_GetRxBufferLength)
    UART2_SendPrintf                         0x08004081   Thumb Code    70  zpn_uart.o(i.UART2_SendPrintf)
    UART_Start_Receive_DMA                   0x0800440d   Thumb Code   146  stm32f4xx_hal_uart.o(i.UART_Start_Receive_DMA)
    UART_Start_Receive_IT                    0x080044ad   Thumb Code    54  stm32f4xx_hal_uart.o(i.UART_Start_Receive_IT)
    USART1_IRQHandler                        0x08004555   Thumb Code     6  stm32f4xx_it.o(i.USART1_IRQHandler)
    USART2_IRQHandler                        0x08004561   Thumb Code     6  stm32f4xx_it.o(i.USART2_IRQHandler)
    UsageFault_Handler                       0x0800456d   Thumb Code     2  stm32f4xx_it.o(i.UsageFault_Handler)
    WriteData_AD9959                         0x08004571   Thumb Code   244  ad9959.o(i.WriteData_AD9959)
    Write_Amplitude                          0x08004669   Thumb Code    44  ad9959.o(i.Write_Amplitude)
    Write_Frequence                          0x08004695   Thumb Code    52  ad9959.o(i.Write_Frequence)
    Write_Phase                              0x080046d1   Thumb Code    44  ad9959.o(i.Write_Phase)
    ZPN_UART_Init                            0x080046fd   Thumb Code    52  zpn_uart.o(i.ZPN_UART_Init)
    __0printf                                0x08004745   Thumb Code    22  printfa.o(i.__0printf)
    __1printf                                0x08004745   Thumb Code     0  printfa.o(i.__0printf)
    __2printf                                0x08004745   Thumb Code     0  printfa.o(i.__0printf)
    __c89printf                              0x08004745   Thumb Code     0  printfa.o(i.__0printf)
    printf                                   0x08004745   Thumb Code     0  printfa.o(i.__0printf)
    __0vsnprintf                             0x08004765   Thumb Code    40  printfa.o(i.__0vsnprintf)
    __1vsnprintf                             0x08004765   Thumb Code     0  printfa.o(i.__0vsnprintf)
    __2vsnprintf                             0x08004765   Thumb Code     0  printfa.o(i.__0vsnprintf)
    __c89vsnprintf                           0x08004765   Thumb Code     0  printfa.o(i.__0vsnprintf)
    vsnprintf                                0x08004765   Thumb Code     0  printfa.o(i.__0vsnprintf)
    __ARM_fpclassifyf                        0x08004791   Thumb Code    38  fpclassifyf.o(i.__ARM_fpclassifyf)
    __hardfp_atan2f                          0x080047d9   Thumb Code   502  atan2f.o(i.__hardfp_atan2f)
    __hardfp_cosf                            0x08004a29   Thumb Code   280  cosf.o(i.__hardfp_cosf)
    __hardfp_log10f                          0x08004b79   Thumb Code   332  log10f.o(i.__hardfp_log10f)
    __hardfp_sinf                            0x08004cf9   Thumb Code   344  sinf.o(i.__hardfp_sinf)
    __hardfp_sqrtf                           0x08004e89   Thumb Code    58  sqrtf.o(i.__hardfp_sqrtf)
    __mathlib_flt_divzero                    0x08004ec5   Thumb Code    14  funder.o(i.__mathlib_flt_divzero)
    __mathlib_flt_infnan                     0x08004ed9   Thumb Code     6  funder.o(i.__mathlib_flt_infnan)
    __mathlib_flt_infnan2                    0x08004edf   Thumb Code     6  funder.o(i.__mathlib_flt_infnan2)
    __mathlib_flt_invalid                    0x08004ee5   Thumb Code    10  funder.o(i.__mathlib_flt_invalid)
    __mathlib_flt_underflow                  0x08004ef5   Thumb Code    10  funder.o(i.__mathlib_flt_underflow)
    __mathlib_rredf2                         0x08004f05   Thumb Code   316  rredf.o(i.__mathlib_rredf2)
    __scatterload_copy                       0x08005059   Thumb Code    14  handlers.o(i.__scatterload_copy)
    __scatterload_null                       0x08005067   Thumb Code     2  handlers.o(i.__scatterload_null)
    __scatterload_zeroinit                   0x08005069   Thumb Code    14  handlers.o(i.__scatterload_zeroinit)
    __set_errno                              0x08005079   Thumb Code     6  errno.o(i.__set_errno)
    delay_9959                               0x0800594d   Thumb Code    12  ad9959.o(i.delay_9959)
    delay_init                               0x08005959   Thumb Code    48  delay.o(i.delay_init)
    delay_us                                 0x0800599d   Thumb Code    46  delay.o(i.delay_us)
    fputc                                    0x080059d5   Thumb Code    26  usart.o(i.fputc)
    main                                     0x080059f5   Thumb Code   444  main.o(i.main)
    AHBPrescTable                            0x08006640   Data          16  system_stm32f4xx.o(.constdata)
    APBPrescTable                            0x08006650   Data           8  system_stm32f4xx.o(.constdata)
    Region$$Table$$Base                      0x080066b8   Number         0  anon$$obj.o(Region$$Table)
    Region$$Table$$Limit                     0x080066d8   Number         0  anon$$obj.o(Region$$Table)
    g_dds_code_watch                         0x20000002   Data           2  main.o(.data)
    uwTickFreq                               0x20000014   Data           1  stm32f4xx_hal.o(.data)
    uwTickPrio                               0x20000018   Data           4  stm32f4xx_hal.o(.data)
    uwTick                                   0x2000001c   Data           4  stm32f4xx_hal.o(.data)
    SystemCoreClock                          0x20000020   Data           4  system_stm32f4xx.o(.data)
    CSR_DATA                                 0x20000028   Data           4  ad9959.o(.data)
    SDIO0                                    0x2000002c   Data           8  ad9959.o(.data)
    SDIO1                                    0x20000034   Data           8  ad9959.o(.data)
    SDIO2                                    0x2000003c   Data           8  ad9959.o(.data)
    SDIO3                                    0x20000044   Data           8  ad9959.o(.data)
    PDC                                      0x2000004c   Data           8  ad9959.o(.data)
    RST                                      0x20000054   Data           8  ad9959.o(.data)
    SCLK                                     0x2000005c   Data           8  ad9959.o(.data)
    CS                                       0x20000064   Data           8  ad9959.o(.data)
    UPDATE                                   0x2000006c   Data           8  ad9959.o(.data)
    PS0                                      0x20000074   Data           8  ad9959.o(.data)
    PS1                                      0x2000007c   Data           8  ad9959.o(.data)
    PS2                                      0x20000084   Data           8  ad9959.o(.data)
    PS3                                      0x2000008c   Data           8  ad9959.o(.data)
    SinFre                                   0x20000094   Data          16  ad9959.o(.data)
    SinAmp                                   0x200000a4   Data          16  ad9959.o(.data)
    gFrequencyCmd                            0x200000b4   Data           8  frequency_control.o(.data)
    pack_parse_pending                       0x200000c2   Data           1  zpn_uart.o(.data)
    g_write_amplitude_param                  0x200000c4   Data           4  amplitude_control.o(.data)
    g_amplitude_mv                           0x200000c8   Data           4  amplitude_control.o(.data)
    __stdout                                 0x200000f4   Data           4  stdout.o(.data)
    hadc1                                    0x20000118   Data          72  adc.o(.bss)
    hadc2                                    0x20000160   Data          72  adc.o(.bss)
    hdma_adc1                                0x200001a8   Data          96  adc.o(.bss)
    hdma_adc2                                0x20000208   Data          96  adc.o(.bss)
    hdac                                     0x20000268   Data          20  dac.o(.bss)
    hdma_dac1                                0x2000027c   Data          96  dac.o(.bss)
    hi2c2                                    0x200002dc   Data          84  i2c.o(.bss)
    htim2                                    0x20000330   Data          72  tim.o(.bss)
    htim3                                    0x20000378   Data          72  tim.o(.bss)
    htim6                                    0x200003c0   Data          72  tim.o(.bss)
    huart1                                   0x20000408   Data          72  usart.o(.bss)
    huart2                                   0x20000450   Data          72  usart.o(.bss)
    hdma_usart1_rx                           0x20000498   Data          96  usart.o(.bss)
    hdma_usart1_tx                           0x200004f8   Data          96  usart.o(.bss)
    SinPhr                                   0x20000558   Data          16  ad9959.o(.bss)
    __initial_sp                             0x200018e8   Data           0  startup_stm32f407xx.o(STACK)



==============================================================================

Memory Map of the image

  Image Entry point : 0x08000189

  Load Region LR_IROM1 (Base: 0x08000000, Size: 0x000067d4, Max: 0x00080000, ABSOLUTE)

    Execution Region ER_IROM1 (Exec base: 0x08000000, Load base: 0x08000000, Size: 0x000066d8, Max: 0x00080000, ABSOLUTE)

    Exec Addr    Load Addr    Size         Type   Attr      Idx    E Section Name        Object

    0x08000000   0x08000000   0x00000188   Data   RO            3    RESET               startup_stm32f407xx.o
    0x08000188   0x08000188   0x00000000   Code   RO         8623  * .ARM.Collect$$$$00000000  mc_w.l(entry.o)
    0x08000188   0x08000188   0x00000004   Code   RO         9011    .ARM.Collect$$$$00000001  mc_w.l(entry2.o)
    0x0800018c   0x0800018c   0x00000004   Code   RO         9014    .ARM.Collect$$$$00000004  mc_w.l(entry5.o)
    0x08000190   0x08000190   0x00000000   Code   RO         9016    .ARM.Collect$$$$00000008  mc_w.l(entry7b.o)
    0x08000190   0x08000190   0x00000000   Code   RO         9018    .ARM.Collect$$$$0000000A  mc_w.l(entry8b.o)
    0x08000190   0x08000190   0x00000008   Code   RO         9019    .ARM.Collect$$$$0000000B  mc_w.l(entry9a.o)
    0x08000198   0x08000198   0x00000000   Code   RO         9021    .ARM.Collect$$$$0000000D  mc_w.l(entry10a.o)
    0x08000198   0x08000198   0x00000000   Code   RO         9023    .ARM.Collect$$$$0000000F  mc_w.l(entry11a.o)
    0x08000198   0x08000198   0x00000004   Code   RO         9012    .ARM.Collect$$$$00002712  mc_w.l(entry2.o)
    0x0800019c   0x0800019c   0x00000024   Code   RO            4    .text               startup_stm32f407xx.o
    0x080001c0   0x080001c0   0x00000062   Code   RO         8626    .text               mc_w.l(uldiv.o)
    0x08000222   0x08000222   0x0000001e   Code   RO         8630    .text               mc_w.l(llshl.o)
    0x08000240   0x08000240   0x00000024   Code   RO         8632    .text               mc_w.l(llsshr.o)
    0x08000264   0x08000264   0x00000040   Code   RO         8636    .text               mc_w.l(memmovea.o)
    0x080002a4   0x080002a4   0x00000024   Code   RO         8638    .text               mc_w.l(memseta.o)
    0x080002c8   0x080002c8   0x0000000e   Code   RO         8640    .text               mc_w.l(strlen.o)
    0x080002d6   0x080002d6   0x0000014e   Code   RO         8907    .text               mf_w.l(dadd.o)
    0x08000424   0x08000424   0x000000e4   Code   RO         8909    .text               mf_w.l(dmul.o)
    0x08000508   0x08000508   0x000000de   Code   RO         8911    .text               mf_w.l(ddiv.o)
    0x080005e6   0x080005e6   0x0000001a   Code   RO         8917    .text               mf_w.l(dfltui.o)
    0x08000600   0x08000600   0x00000032   Code   RO         8923    .text               mf_w.l(dfixui.o)
    0x08000632   0x08000632   0x00000002   PAD
    0x08000634   0x08000634   0x00000030   Code   RO         8929    .text               mf_w.l(cdrcmple.o)
    0x08000664   0x08000664   0x0000002c   Code   RO         9026    .text               mc_w.l(uidiv.o)
    0x08000690   0x08000690   0x00000020   Code   RO         9028    .text               mc_w.l(llushr.o)
    0x080006b0   0x080006b0   0x00000000   Code   RO         9037    .text               mc_w.l(iusefp.o)
    0x080006b0   0x080006b0   0x000000ba   Code   RO         9040    .text               mf_w.l(depilogue.o)
    0x0800076a   0x0800076a   0x00000030   Code   RO         9046    .text               mf_w.l(dfixul.o)
    0x0800079a   0x0800079a   0x00000002   PAD
    0x0800079c   0x0800079c   0x00000024   Code   RO         9048    .text               mc_w.l(init.o)
    0x080007c0   0x080007c0   0x0000002c   Code   RO         4474    i.AD9959_IO_Update  ad9959.o
    0x080007ec   0x080007ec   0x00000128   Code   RO          764    i.ADC_Init          stm32f4xx_hal_adc.o
    0x08000914   0x08000914   0x00000010   Code   RO         4477    i.Amp2Word          ad9959.o
    0x08000924   0x08000924   0x00000002   Code   RO         5016    i.AmplitudeControl_Init  amplitude_control.o
    0x08000926   0x08000926   0x00000002   PAD
    0x08000928   0x08000928   0x00000024   Code   RO         5018    i.AmplitudeControl_SetAmplitude  amplitude_control.o
    0x0800094c   0x0800094c   0x00000038   Code   RO         5019    i.AmplitudeVoltageToParam  amplitude_control.o
    0x08000984   0x08000984   0x00000002   Code   RO          619    i.BusFault_Handler  stm32f4xx_it.o
    0x08000986   0x08000986   0x00000002   PAD
    0x08000988   0x08000988   0x00000018   Code   RO         4478    i.Channel_Select    ad9959.o
    0x080009a0   0x080009a0   0x00000026   Code   RO           13    i.DDS_ApplyDefaultOutput  main.o
    0x080009c6   0x080009c6   0x00000002   PAD
    0x080009c8   0x080009c8   0x0000000c   Code   RO          620    i.DMA1_Stream5_IRQHandler  stm32f4xx_it.o
    0x080009d4   0x080009d4   0x0000000c   Code   RO          621    i.DMA2_Stream0_IRQHandler  stm32f4xx_it.o
    0x080009e0   0x080009e0   0x0000000c   Code   RO          622    i.DMA2_Stream2_IRQHandler  stm32f4xx_it.o
    0x080009ec   0x080009ec   0x0000000c   Code   RO          623    i.DMA2_Stream3_IRQHandler  stm32f4xx_it.o
    0x080009f8   0x080009f8   0x0000000c   Code   RO          624    i.DMA2_Stream7_IRQHandler  stm32f4xx_it.o
    0x08000a04   0x08000a04   0x00000028   Code   RO         1495    i.DMA_CalcBaseAndBitshift  stm32f4xx_hal_dma.o
    0x08000a2c   0x08000a2c   0x00000054   Code   RO         1496    i.DMA_CheckFifoParam  stm32f4xx_hal_dma.o
    0x08000a80   0x08000a80   0x00000028   Code   RO         1497    i.DMA_SetConfig     stm32f4xx_hal_dma.o
    0x08000aa8   0x08000aa8   0x00000002   Code   RO          625    i.DebugMon_Handler  stm32f4xx_it.o
    0x08000aaa   0x08000aaa   0x00000004   Code   RO           14    i.Error_Handler     main.o
    0x08000aae   0x08000aae   0x00000002   PAD
    0x08000ab0   0x08000ab0   0x00000038   Code   RO         4479    i.Freq2Word         ad9959.o
    0x08000ae8   0x08000ae8   0x00000028   Code   RO         4723    i.FrequencyControl_Init  frequency_control.o
    0x08000b10   0x08000b10   0x00000060   Code   RO           15    i.GainTable_2D_Lookup  main.o
    0x08000b70   0x08000b70   0x0000014c   Code   RO          766    i.HAL_ADC_ConfigChannel  stm32f4xx_hal_adc.o
    0x08000cbc   0x08000cbc   0x00000006   Code   RO          773    i.HAL_ADC_GetValue  stm32f4xx_hal_adc.o
    0x08000cc2   0x08000cc2   0x00000054   Code   RO          775    i.HAL_ADC_Init      stm32f4xx_hal_adc.o
    0x08000d16   0x08000d16   0x00000002   PAD
    0x08000d18   0x08000d18   0x00000104   Code   RO          328    i.HAL_ADC_MspInit   adc.o
    0x08000e1c   0x08000e1c   0x000000aa   Code   RO          779    i.HAL_ADC_PollForConversion  stm32f4xx_hal_adc.o
    0x08000ec6   0x08000ec6   0x00000002   PAD
    0x08000ec8   0x08000ec8   0x000000fc   Code   RO          781    i.HAL_ADC_Start     stm32f4xx_hal_adc.o
    0x08000fc4   0x08000fc4   0x0000003c   Code   RO          784    i.HAL_ADC_Stop      stm32f4xx_hal_adc.o
    0x08001000   0x08001000   0x0000004e   Code   RO         2189    i.HAL_DAC_ConfigChannel  stm32f4xx_hal_dac.o
    0x0800104e   0x0800104e   0x00000028   Code   RO         2199    i.HAL_DAC_Init      stm32f4xx_hal_dac.o
    0x08001076   0x08001076   0x00000002   PAD
    0x08001078   0x08001078   0x000000a0   Code   RO          376    i.HAL_DAC_MspInit   dac.o
    0x08001118   0x08001118   0x00000092   Code   RO         1498    i.HAL_DMA_Abort     stm32f4xx_hal_dma.o
    0x080011aa   0x080011aa   0x00000024   Code   RO         1499    i.HAL_DMA_Abort_IT  stm32f4xx_hal_dma.o
    0x080011ce   0x080011ce   0x00000002   PAD
    0x080011d0   0x080011d0   0x000001a0   Code   RO         1503    i.HAL_DMA_IRQHandler  stm32f4xx_hal_dma.o
    0x08001370   0x08001370   0x000000d4   Code   RO         1504    i.HAL_DMA_Init      stm32f4xx_hal_dma.o
    0x08001444   0x08001444   0x0000006e   Code   RO         1508    i.HAL_DMA_Start_IT  stm32f4xx_hal_dma.o
    0x080014b2   0x080014b2   0x00000002   PAD
    0x080014b4   0x080014b4   0x00000024   Code   RO         1935    i.HAL_Delay         stm32f4xx_hal.o
    0x080014d8   0x080014d8   0x000001f0   Code   RO         1391    i.HAL_GPIO_Init     stm32f4xx_hal_gpio.o
    0x080016c8   0x080016c8   0x0000000a   Code   RO         1395    i.HAL_GPIO_WritePin  stm32f4xx_hal_gpio.o
    0x080016d2   0x080016d2   0x00000002   PAD
    0x080016d4   0x080016d4   0x0000000c   Code   RO         1941    i.HAL_GetTick       stm32f4xx_hal.o
    0x080016e0   0x080016e0   0x00000188   Code   RO         2437    i.HAL_I2C_Init      stm32f4xx_hal_i2c.o
    0x08001868   0x08001868   0x0000006c   Code   RO          442    i.HAL_I2C_MspInit   i2c.o
    0x080018d4   0x080018d4   0x00000010   Code   RO         1947    i.HAL_IncTick       stm32f4xx_hal.o
    0x080018e4   0x080018e4   0x00000034   Code   RO         1948    i.HAL_Init          stm32f4xx_hal.o
    0x08001918   0x08001918   0x00000040   Code   RO         1949    i.HAL_InitTick      stm32f4xx_hal.o
    0x08001958   0x08001958   0x00000030   Code   RO          737    i.HAL_MspInit       stm32f4xx_hal_msp.o
    0x08001988   0x08001988   0x0000001a   Code   RO         1783    i.HAL_NVIC_EnableIRQ  stm32f4xx_hal_cortex.o
    0x080019a2   0x080019a2   0x00000002   PAD
    0x080019a4   0x080019a4   0x00000040   Code   RO         1789    i.HAL_NVIC_SetPriority  stm32f4xx_hal_cortex.o
    0x080019e4   0x080019e4   0x00000024   Code   RO         1790    i.HAL_NVIC_SetPriorityGrouping  stm32f4xx_hal_cortex.o
    0x08001a08   0x08001a08   0x00000134   Code   RO         1037    i.HAL_RCC_ClockConfig  stm32f4xx_hal_rcc.o
    0x08001b3c   0x08001b3c   0x00000020   Code   RO         1044    i.HAL_RCC_GetPCLK1Freq  stm32f4xx_hal_rcc.o
    0x08001b5c   0x08001b5c   0x00000020   Code   RO         1045    i.HAL_RCC_GetPCLK2Freq  stm32f4xx_hal_rcc.o
    0x08001b7c   0x08001b7c   0x00000064   Code   RO         1046    i.HAL_RCC_GetSysClockFreq  stm32f4xx_hal_rcc.o
    0x08001be0   0x08001be0   0x0000036c   Code   RO         1049    i.HAL_RCC_OscConfig  stm32f4xx_hal_rcc.o
    0x08001f4c   0x08001f4c   0x00000028   Code   RO         1794    i.HAL_SYSTICK_Config  stm32f4xx_hal_cortex.o
    0x08001f74   0x08001f74   0x00000090   Code   RO         3606    i.HAL_TIMEx_MasterConfigSynchronization  stm32f4xx_hal_tim_ex.o
    0x08002004   0x08002004   0x0000005a   Code   RO         2883    i.HAL_TIM_Base_Init  stm32f4xx_hal_tim.o
    0x0800205e   0x0800205e   0x00000002   PAD
    0x08002060   0x08002060   0x00000040   Code   RO          484    i.HAL_TIM_Base_MspInit  tim.o
    0x080020a0   0x080020a0   0x00000078   Code   RO         2886    i.HAL_TIM_Base_Start  stm32f4xx_hal_tim.o
    0x08002118   0x08002118   0x000000dc   Code   RO         2892    i.HAL_TIM_ConfigClockSource  stm32f4xx_hal_tim.o
    0x080021f4   0x080021f4   0x00000050   Code   RO          485    i.HAL_TIM_MspPostInit  tim.o
    0x08002244   0x08002244   0x000000cc   Code   RO         2955    i.HAL_TIM_PWM_ConfigChannel  stm32f4xx_hal_tim.o
    0x08002310   0x08002310   0x0000005a   Code   RO         2958    i.HAL_TIM_PWM_Init  stm32f4xx_hal_tim.o
    0x0800236a   0x0800236a   0x00000002   PAD
    0x0800236c   0x0800236c   0x00000024   Code   RO          487    i.HAL_TIM_PWM_MspInit  tim.o
    0x08002390   0x08002390   0x000000c8   Code   RO         2963    i.HAL_TIM_PWM_Start  stm32f4xx_hal_tim.o
    0x08002458   0x08002458   0x0000004a   Code   RO         3864    i.HAL_UARTEx_ReceiveToIdle_DMA  stm32f4xx_hal_uart.o
    0x080024a2   0x080024a2   0x00000002   PAD
    0x080024a4   0x080024a4   0x00000058   Code   RO         4864    i.HAL_UARTEx_RxEventCallback  zpn_uart.o
    0x080024fc   0x080024fc   0x00000002   Code   RO         3880    i.HAL_UART_ErrorCallback  stm32f4xx_hal_uart.o
    0x080024fe   0x080024fe   0x00000002   PAD
    0x08002500   0x08002500   0x00000280   Code   RO         3883    i.HAL_UART_IRQHandler  stm32f4xx_hal_uart.o
    0x08002780   0x08002780   0x00000064   Code   RO         3884    i.HAL_UART_Init     stm32f4xx_hal_uart.o
    0x080027e4   0x080027e4   0x00000138   Code   RO          556    i.HAL_UART_MspInit  usart.o
    0x0800291c   0x0800291c   0x0000001c   Code   RO         3889    i.HAL_UART_Receive_IT  stm32f4xx_hal_uart.o
    0x08002938   0x08002938   0x00000068   Code   RO         4865    i.HAL_UART_RxCpltCallback  zpn_uart.o
    0x080029a0   0x080029a0   0x00000002   Code   RO         3891    i.HAL_UART_RxHalfCpltCallback  stm32f4xx_hal_uart.o
    0x080029a2   0x080029a2   0x000000a0   Code   RO         3892    i.HAL_UART_Transmit  stm32f4xx_hal_uart.o
    0x08002a42   0x08002a42   0x00000032   Code   RO         3894    i.HAL_UART_Transmit_IT  stm32f4xx_hal_uart.o
    0x08002a74   0x08002a74   0x00000028   Code   RO         4866    i.HAL_UART_TxCpltCallback  zpn_uart.o
    0x08002a9c   0x08002a9c   0x00000038   Code   RO         4770    i.HMI_SetText       zpn_hmi.o
    0x08002ad4   0x08002ad4   0x00000002   Code   RO          626    i.HardFault_Handler  stm32f4xx_it.o
    0x08002ad6   0x08002ad6   0x00000002   PAD
    0x08002ad8   0x08002ad8   0x000000c8   Code   RO         4482    i.InitIO_9959       ad9959.o
    0x08002ba0   0x08002ba0   0x0000003c   Code   RO         4483    i.InitReset         ad9959.o
    0x08002bdc   0x08002bdc   0x000000b4   Code   RO         4484    i.Init_AD9959       ad9959.o
    0x08002c90   0x08002c90   0x00000064   Code   RO         4631    i.MAX262_Init       max262.o
    0x08002cf4   0x08002cf4   0x00000060   Code   RO          329    i.MX_ADC1_Init      adc.o
    0x08002d54   0x08002d54   0x00000060   Code   RO          330    i.MX_ADC2_Init      adc.o
    0x08002db4   0x08002db4   0x0000003c   Code   RO          377    i.MX_DAC_Init       dac.o
    0x08002df0   0x08002df0   0x0000007c   Code   RO          417    i.MX_DMA_Init       dma.o
    0x08002e6c   0x08002e6c   0x00000120   Code   RO          303    i.MX_GPIO_Init      gpio.o
    0x08002f8c   0x08002f8c   0x00000040   Code   RO          443    i.MX_I2C2_Init      i2c.o
    0x08002fcc   0x08002fcc   0x00000070   Code   RO          488    i.MX_TIM2_Init      tim.o
    0x0800303c   0x0800303c   0x00000068   Code   RO          489    i.MX_TIM3_Init      tim.o
    0x080030a4   0x080030a4   0x00000044   Code   RO          490    i.MX_TIM6_Init      tim.o
    0x080030e8   0x080030e8   0x00000038   Code   RO          557    i.MX_USART1_UART_Init  usart.o
    0x08003120   0x08003120   0x00000038   Code   RO          558    i.MX_USART2_UART_Init  usart.o
    0x08003158   0x08003158   0x00000002   Code   RO          627    i.MemManage_Handler  stm32f4xx_it.o
    0x0800315a   0x0800315a   0x00000002   Code   RO          628    i.NMI_Handler       stm32f4xx_it.o
    0x0800315c   0x0800315c   0x000000d0   Code   RO         4825    i.PACK_ParseFrame   zpn_hmi_pack.o
    0x0800322c   0x0800322c   0x000000c0   Code   RO         4826    i.PACK_ParseFromRingBuffer  zpn_hmi_pack.o
    0x080032ec   0x080032ec   0x0000002c   Code   RO         4827    i.PACK_SetTemplate  zpn_hmi_pack.o
    0x08003318   0x08003318   0x00000002   Code   RO          629    i.PendSV_Handler    stm32f4xx_it.o
    0x0800331a   0x0800331a   0x00000002   PAD
    0x0800331c   0x0800331c   0x00000028   Code   RO         4485    i.Phase2Word        ad9959.o
    0x08003344   0x08003344   0x000000d8   Code   RO         5067    i.SCAN_ClassifyModel  9959_scan.o
    0x0800341c   0x0800341c   0x000000a8   Code   RO         5068    i.SCAN_FindCrossFreq  9959_scan.o
    0x080034c4   0x080034c4   0x00000244   Code   RO         5069    i.SCAN_MeasureGainAndPhase  9959_scan.o
    0x08003708   0x08003708   0x00000058   Code   RO         5070    i.SCAN_ModelTypeToString  9959_scan.o
    0x08003760   0x08003760   0x000000b8   Code   RO         5071    i.SCAN_ReadAdcLevel  9959_scan.o
    0x08003818   0x08003818   0x00000032   Code   RO         5072    i.SCAN_ReadAdcSample  9959_scan.o
    0x0800384a   0x0800384a   0x00000002   PAD
    0x0800384c   0x0800384c   0x000003ac   Code   RO         5073    i.SCAN_RunAndExtract  9959_scan.o
    0x08003bf8   0x08003bf8   0x00000002   Code   RO          630    i.SVC_Handler       stm32f4xx_it.o
    0x08003bfa   0x08003bfa   0x00000002   PAD
    0x08003bfc   0x08003bfc   0x0000003c   Code   RO           16    i.Switch_SetByState  main.o
    0x08003c38   0x08003c38   0x00000004   Code   RO          631    i.SysTick_Handler   stm32f4xx_it.o
    0x08003c3c   0x08003c3c   0x00000098   Code   RO           17    i.SystemClock_Config  main.o
    0x08003cd4   0x08003cd4   0x00000010   Code   RO         4218    i.SystemInit        system_stm32f4xx.o
    0x08003ce4   0x08003ce4   0x000000d0   Code   RO         2976    i.TIM_Base_SetConfig  stm32f4xx_hal_tim.o
    0x08003db4   0x08003db4   0x0000001a   Code   RO         2977    i.TIM_CCxChannelCmd  stm32f4xx_hal_tim.o
    0x08003dce   0x08003dce   0x00000014   Code   RO         2987    i.TIM_ETR_SetConfig  stm32f4xx_hal_tim.o
    0x08003de2   0x08003de2   0x00000010   Code   RO         2988    i.TIM_ITRx_SetConfig  stm32f4xx_hal_tim.o
    0x08003df2   0x08003df2   0x00000002   PAD
    0x08003df4   0x08003df4   0x00000060   Code   RO         2989    i.TIM_OC1_SetConfig  stm32f4xx_hal_tim.o
    0x08003e54   0x08003e54   0x0000006c   Code   RO         2990    i.TIM_OC2_SetConfig  stm32f4xx_hal_tim.o
    0x08003ec0   0x08003ec0   0x00000068   Code   RO         2991    i.TIM_OC3_SetConfig  stm32f4xx_hal_tim.o
    0x08003f28   0x08003f28   0x00000050   Code   RO         2992    i.TIM_OC4_SetConfig  stm32f4xx_hal_tim.o
    0x08003f78   0x08003f78   0x00000022   Code   RO         2994    i.TIM_TI1_ConfigInputStage  stm32f4xx_hal_tim.o
    0x08003f9a   0x08003f9a   0x00000024   Code   RO         2996    i.TIM_TI2_ConfigInputStage  stm32f4xx_hal_tim.o
    0x08003fbe   0x08003fbe   0x00000002   PAD
    0x08003fc0   0x08003fc0   0x00000064   Code   RO           18    i.Try_HandleScanIdentifyCommand  main.o
    0x08004024   0x08004024   0x00000050   Code   RO         4871    i.UART2_GetReceivedData  zpn_uart.o
    0x08004074   0x08004074   0x0000000c   Code   RO         4872    i.UART2_GetRxBufferLength  zpn_uart.o
    0x08004080   0x08004080   0x00000058   Code   RO         4874    i.UART2_SendPrintf  zpn_uart.o
    0x080040d8   0x080040d8   0x0000000e   Code   RO         3897    i.UART_DMAAbortOnError  stm32f4xx_hal_uart.o
    0x080040e6   0x080040e6   0x0000004a   Code   RO         3898    i.UART_DMAError     stm32f4xx_hal_uart.o
    0x08004130   0x08004130   0x00000086   Code   RO         3899    i.UART_DMAReceiveCplt  stm32f4xx_hal_uart.o
    0x080041b6   0x080041b6   0x0000001e   Code   RO         3901    i.UART_DMARxHalfCplt  stm32f4xx_hal_uart.o
    0x080041d4   0x080041d4   0x0000004e   Code   RO         3907    i.UART_EndRxTransfer  stm32f4xx_hal_uart.o
    0x08004222   0x08004222   0x0000001c   Code   RO         3908    i.UART_EndTxTransfer  stm32f4xx_hal_uart.o
    0x0800423e   0x0800423e   0x000000c2   Code   RO         3909    i.UART_Receive_IT   stm32f4xx_hal_uart.o
    0x08004300   0x08004300   0x0000010c   Code   RO         3910    i.UART_SetConfig    stm32f4xx_hal_uart.o
    0x0800440c   0x0800440c   0x000000a0   Code   RO         3911    i.UART_Start_Receive_DMA  stm32f4xx_hal_uart.o
    0x080044ac   0x080044ac   0x00000036   Code   RO         3912    i.UART_Start_Receive_IT  stm32f4xx_hal_uart.o
    0x080044e2   0x080044e2   0x00000072   Code   RO         3913    i.UART_WaitOnFlagUntilTimeout  stm32f4xx_hal_uart.o
    0x08004554   0x08004554   0x0000000c   Code   RO          632    i.USART1_IRQHandler  stm32f4xx_it.o
    0x08004560   0x08004560   0x0000000c   Code   RO          633    i.USART2_IRQHandler  stm32f4xx_it.o
    0x0800456c   0x0800456c   0x00000002   Code   RO          634    i.UsageFault_Handler  stm32f4xx_it.o
    0x0800456e   0x0800456e   0x00000002   PAD
    0x08004570   0x08004570   0x000000f8   Code   RO         4491    i.WriteData_AD9959  ad9959.o
    0x08004668   0x08004668   0x0000002c   Code   RO         4492    i.Write_Amplitude   ad9959.o
    0x08004694   0x08004694   0x0000003c   Code   RO         4493    i.Write_Frequence   ad9959.o
    0x080046d0   0x080046d0   0x0000002c   Code   RO         4494    i.Write_Phase       ad9959.o
    0x080046fc   0x080046fc   0x00000048   Code   RO         4875    i.ZPN_UART_Init     zpn_uart.o
    0x08004744   0x08004744   0x00000020   Code   RO         8879    i.__0printf         mc_w.l(printfa.o)
    0x08004764   0x08004764   0x0000002c   Code   RO         8884    i.__0vsnprintf      mc_w.l(printfa.o)
    0x08004790   0x08004790   0x00000026   Code   RO         8958    i.__ARM_fpclassifyf  m_wm.l(fpclassifyf.o)
    0x080047b6   0x080047b6   0x00000020   Code   RO         1796    i.__NVIC_SetPriority  stm32f4xx_hal_cortex.o
    0x080047d6   0x080047d6   0x00000002   PAD
    0x080047d8   0x080047d8   0x00000250   Code   RO         8471    i.__hardfp_atan2f   m_wm.l(atan2f.o)
    0x08004a28   0x08004a28   0x00000150   Code   RO         8495    i.__hardfp_cosf     m_wm.l(cosf.o)
    0x08004b78   0x08004b78   0x00000180   Code   RO         8547    i.__hardfp_log10f   m_wm.l(log10f.o)
    0x08004cf8   0x08004cf8   0x00000190   Code   RO         8587    i.__hardfp_sinf     m_wm.l(sinf.o)
    0x08004e88   0x08004e88   0x0000003a   Code   RO         8611    i.__hardfp_sqrtf    m_wm.l(sqrtf.o)
    0x08004ec2   0x08004ec2   0x00000002   PAD
    0x08004ec4   0x08004ec4   0x00000014   Code   RO         8960    i.__mathlib_flt_divzero  m_wm.l(funder.o)
    0x08004ed8   0x08004ed8   0x00000006   Code   RO         8961    i.__mathlib_flt_infnan  m_wm.l(funder.o)
    0x08004ede   0x08004ede   0x00000006   Code   RO         8962    i.__mathlib_flt_infnan2  m_wm.l(funder.o)
    0x08004ee4   0x08004ee4   0x00000010   Code   RO         8963    i.__mathlib_flt_invalid  m_wm.l(funder.o)
    0x08004ef4   0x08004ef4   0x00000010   Code   RO         8966    i.__mathlib_flt_underflow  m_wm.l(funder.o)
    0x08004f04   0x08004f04   0x00000154   Code   RO         9002    i.__mathlib_rredf2  m_wm.l(rredf.o)
    0x08005058   0x08005058   0x0000000e   Code   RO         9052    i.__scatterload_copy  mc_w.l(handlers.o)
    0x08005066   0x08005066   0x00000002   Code   RO         9053    i.__scatterload_null  mc_w.l(handlers.o)
    0x08005068   0x08005068   0x0000000e   Code   RO         9054    i.__scatterload_zeroinit  mc_w.l(handlers.o)
    0x08005076   0x08005076   0x00000002   PAD
    0x08005078   0x08005078   0x0000000c   Code   RO         9032    i.__set_errno       mc_w.l(errno.o)
    0x08005084   0x08005084   0x00000184   Code   RO         8886    i._fp_digits        mc_w.l(printfa.o)
    0x08005208   0x08005208   0x000006dc   Code   RO         8887    i._printf_core      mc_w.l(printfa.o)
    0x080058e4   0x080058e4   0x00000024   Code   RO         8888    i._printf_post_padding  mc_w.l(printfa.o)
    0x08005908   0x08005908   0x0000002e   Code   RO         8889    i._printf_pre_padding  mc_w.l(printfa.o)
    0x08005936   0x08005936   0x00000016   Code   RO         8890    i._snputc           mc_w.l(printfa.o)
    0x0800594c   0x0800594c   0x0000000c   Code   RO         4495    i.delay_9959        ad9959.o
    0x08005958   0x08005958   0x00000044   Code   RO         4436    i.delay_init        delay.o
    0x0800599c   0x0800599c   0x00000038   Code   RO         4438    i.delay_us          delay.o
    0x080059d4   0x080059d4   0x00000020   Code   RO          560    i.fputc             usart.o
    0x080059f4   0x080059f4   0x000001f4   Code   RO           20    i.main              main.o
    0x08005be8   0x08005be8   0x00000a50   Data   RO           22    .constdata          main.o
    0x08006638   0x08006638   0x00000008   Data   RO         1510    .constdata          stm32f4xx_hal_dma.o
    0x08006640   0x08006640   0x00000010   Data   RO         4219    .constdata          system_stm32f4xx.o
    0x08006650   0x08006650   0x00000008   Data   RO         4220    .constdata          system_stm32f4xx.o
    0x08006658   0x08006658   0x00000040   Data   RO         8550    .constdata          m_wm.l(log10f.o)
    0x08006698   0x08006698   0x00000020   Data   RO         9003    .constdata          m_wm.l(rredf.o)
    0x080066b8   0x080066b8   0x00000020   Data   RO         9050    Region$$Table       anon$$obj.o


    Execution Region RW_IRAM1 (Exec base: 0x20000000, Load base: 0x080066d8, Size: 0x000018e8, Max: 0x0001c000, ABSOLUTE)

    Exec Addr    Load Addr    Size         Type   Attr      Idx    E Section Name        Object

    0x20000000   0x080066d8   0x00000014   Data   RW           23    .data               main.o
    0x20000014   0x080066ec   0x0000000c   Data   RW         1955    .data               stm32f4xx_hal.o
    0x20000020   0x080066f8   0x00000004   Data   RW         4221    .data               system_stm32f4xx.o
    0x20000024   0x080066fc   0x00000004   Data   RW         4439    .data               delay.o
    0x20000028   0x08006700   0x0000008c   Data   RW         4497    .data               ad9959.o
    0x200000b4   0x0800678c   0x00000008   Data   RW         4726    .data               frequency_control.o
    0x200000bc   0x08006794   0x00000004   Data   RW         4829    .data               zpn_hmi_pack.o
    0x200000c0   0x08006798   0x00000004   Data   RW         4877    .data               zpn_uart.o
    0x200000c4   0x0800679c   0x00000008   Data   RW         5020    .data               amplitude_control.o
    0x200000cc   0x080067a4   0x00000028   Data   RW         5075    .data               9959_scan.o
    0x200000f4   0x080067cc   0x00000004   Data   RW         9025    .data               mc_w.l(stdout.o)
    0x200000f8   0x080067d0   0x00000004   Data   RW         9033    .data               mc_w.l(errno.o)
    0x200000fc        -       0x0000001c   Zero   RW           21    .bss                main.o
    0x20000118        -       0x00000150   Zero   RW          331    .bss                adc.o
    0x20000268        -       0x00000074   Zero   RW          378    .bss                dac.o
    0x200002dc        -       0x00000054   Zero   RW          444    .bss                i2c.o
    0x20000330        -       0x000000d8   Zero   RW          491    .bss                tim.o
    0x20000408        -       0x00000150   Zero   RW          561    .bss                usart.o
    0x20000558        -       0x00000010   Zero   RW         4496    .bss                ad9959.o
    0x20000568        -       0x00000200   Zero   RW         4828    .bss                zpn_hmi_pack.o
    0x20000768        -       0x0000087c   Zero   RW         4876    .bss                zpn_uart.o
    0x20000fe4        -       0x00000500   Zero   RW         5074    .bss                9959_scan.o
    0x200014e4   0x080067d4   0x00000004   PAD
    0x200014e8        -       0x00000400   Zero   RW            1    STACK               startup_stm32f407xx.o


    Execution Region RW_IRAM2 (Exec base: 0x2001c000, Load base: 0x080067d4, Size: 0x00000000, Max: 0x00004000, ABSOLUTE)

    **** No section assigned to this execution region ****


==============================================================================

Image component sizes


      Code (inc. data)   RO Data    RW Data    ZI Data      Debug   Object Name

      2226        164          0         40       1280      12750   9959_scan.o
      1028         66          0        140         16      10365   ad9959.o
       452         42          0          0        336       2710   adc.o
        94         10          0          8          0       2901   amplitude_control.o
       220         30          0          0        116       1845   dac.o
       124         30          0          4          0       1368   delay.o
       124          4          0          0          0        890   dma.o
        40          6          0          8          0       1316   frequency_control.o
       288         20          0          0          0       1131   gpio.o
       172         28          0          0         84       1769   i2c.o
       950        112       2640         20         28     725762   main.o
       100          8          0          0          0        566   max262.o
        36          8        392          0       1024        840   startup_stm32f407xx.o
       180         28          0         12          0       9593   stm32f4xx_hal.o
      1200         52          0          0          0       6109   stm32f4xx_hal_adc.o
       198         14          0          0          0      33947   stm32f4xx_hal_cortex.o
       118          0          0          0          0       2019   stm32f4xx_hal_dac.o
      1084         16          8          0          0       7554   stm32f4xx_hal_dma.o
       506         46          0          0          0       2264   stm32f4xx_hal_gpio.o
       392         16          0          0          0       3271   stm32f4xx_hal_i2c.o
        48          6          0          0          0        906   stm32f4xx_hal_msp.o
      1348         76          0          0          0       5396   stm32f4xx_hal_rcc.o
      1652        138          0          0          0      13619   stm32f4xx_hal_tim.o
       144         28          0          0          0       1420   stm32f4xx_hal_tim_ex.o
      2204         28          0          0          0      16538   stm32f4xx_hal_uart.o
       104         42          0          0          0       7864   stm32f4xx_it.o
        16          4         24          4          0       1199   system_stm32f4xx.o
       464         50          0          0        216       4352   tim.o
       456         46          0          0        336       4593   usart.o
        56         14          0          0          0        726   zpn_hmi.o
       444         26          0          4        512       3588   zpn_hmi_pack.o
       484         96          0          4       2172       6607   zpn_uart.o

    ----------------------------------------------------------------------
     16998       1254       3096        244       6124     895778   Object Totals
         0          0         32          0          0          0   (incl. Generated)
        46          0          0          0          4          0   (incl. Padding)

    ----------------------------------------------------------------------

      Code (inc. data)   RO Data    RW Data    ZI Data      Debug   Library Member Name

       592         90          0          0          0        184   atan2f.o
       336         56          0          0          0        136   cosf.o
        38          0          0          0          0        116   fpclassifyf.o
        64         18          0          0          0        580   funder.o
       384         52         64          0          0        140   log10f.o
       340         24         32          0          0        160   rredf.o
       400         56          0          0          0        212   sinf.o
        58          0          0          0          0        136   sqrtf.o
         0          0          0          0          0          0   entry.o
         0          0          0          0          0          0   entry10a.o
         0          0          0          0          0          0   entry11a.o
         8          4          0          0          0          0   entry2.o
         4          0          0          0          0          0   entry5.o
         0          0          0          0          0          0   entry7b.o
         0          0          0          0          0          0   entry8b.o
         8          4          0          0          0          0   entry9a.o
        12          6          0          4          0         68   errno.o
        30          0          0          0          0          0   handlers.o
        36          8          0          0          0         68   init.o
         0          0          0          0          0          0   iusefp.o
        30          0          0          0          0         68   llshl.o
        36          0          0          0          0         68   llsshr.o
        32          0          0          0          0         68   llushr.o
        64          0          0          0          0         76   memmovea.o
        36          0          0          0          0        108   memseta.o
      2324         94          0          0          0        600   printfa.o
         0          0          0          4          0          0   stdout.o
        14          0          0          0          0         68   strlen.o
        44          0          0          0          0         80   uidiv.o
        98          0          0          0          0         92   uldiv.o
        48          0          0          0          0         68   cdrcmple.o
       334          0          0          0          0        148   dadd.o
       222          0          0          0          0        100   ddiv.o
       186          0          0          0          0        176   depilogue.o
        50          0          0          0          0         76   dfixui.o
        48          0          0          0          0         68   dfixul.o
        26          0          0          0          0         76   dfltui.o
       228          0          0          0          0         96   dmul.o

    ----------------------------------------------------------------------
      6138        412         96          8          0       3836   Library Totals
         8          0          0          0          0          0   (incl. Padding)

    ----------------------------------------------------------------------

      Code (inc. data)   RO Data    RW Data    ZI Data      Debug   Library Name

      2212        296         96          0          0       1664   m_wm.l
      2776        116          0          8          0       1364   mc_w.l
      1142          0          0          0          0        808   mf_w.l

    ----------------------------------------------------------------------
      6138        412         96          8          0       3836   Library Totals

    ----------------------------------------------------------------------

==============================================================================


      Code (inc. data)   RO Data    RW Data    ZI Data      Debug   

     23136       1666       3192        252       6124     883026   Grand Totals
     23136       1666       3192        252       6124     883026   ELF Image Totals
     23136       1666       3192        252          0          0   ROM Totals

==============================================================================

    Total RO  Size (Code + RO Data)                26328 (  25.71kB)
    Total RW  Size (RW Data + ZI Data)              6376 (   6.23kB)
    Total ROM Size (Code + RO Data + RW Data)      26580 (  25.96kB)

==============================================================================

